Archive member included to satisfy reference by file (symbol)

c:/program files (x86)/cypress/psoc creator/4.4/psoc creator/import/gnu/arm/5.4.1/bin/../lib/gcc/arm-none-eabi/5.4.1/armv7e-m/softfp\libgcc.a(_arm_addsubdf3.o)
                              .\CortexM4\ARM_GCC_541\Debug\cy_sysclk.o (__aeabi_f2d)
c:/program files (x86)/cypress/psoc creator/4.4/psoc creator/import/gnu/arm/5.4.1/bin/../lib/gcc/arm-none-eabi/5.4.1/armv7e-m/softfp\libgcc.a(_arm_muldivdf3.o)
                              .\CortexM4\ARM_GCC_541\Debug\cy_sysclk.o (__aeabi_ddiv)
c:/program files (x86)/cypress/psoc creator/4.4/psoc creator/import/gnu/arm/5.4.1/bin/../lib/gcc/arm-none-eabi/5.4.1/armv7e-m/softfp\libgcc.a(_arm_fixunsdfsi.o)
                              .\CortexM4\ARM_GCC_541\Debug\cy_sysclk.o (__aeabi_d2uiz)
c:/program files (x86)/cypress/psoc creator/4.4/psoc creator/import/gnu/arm/5.4.1/bin/../lib/gcc/arm-none-eabi/5.4.1/armv7e-m/softfp\libgcc.a(_aeabi_ldivmod.o)
                              .\CortexM4\ARM_GCC_541\Debug\cy_sar.o (__aeabi_ldivmod)
c:/program files (x86)/cypress/psoc creator/4.4/psoc creator/import/gnu/arm/5.4.1/bin/../lib/gcc/arm-none-eabi/5.4.1/armv7e-m/softfp\libgcc.a(_aeabi_uldivmod.o)
                              .\CortexM4\ARM_GCC_541\Debug\cy_sysclk.o (__aeabi_uldivmod)
c:/program files (x86)/cypress/psoc creator/4.4/psoc creator/import/gnu/arm/5.4.1/bin/../lib/gcc/arm-none-eabi/5.4.1/armv7e-m/softfp\libgcc.a(_udivmoddi4.o)
                              c:/program files (x86)/cypress/psoc creator/4.4/psoc creator/import/gnu/arm/5.4.1/bin/../lib/gcc/arm-none-eabi/5.4.1/armv7e-m/softfp\libgcc.a(_aeabi_ldivmod.o) (__udivmoddi4)
c:/program files (x86)/cypress/psoc creator/4.4/psoc creator/import/gnu/arm/5.4.1/bin/../lib/gcc/arm-none-eabi/5.4.1/armv7e-m/softfp\libgcc.a(_dvmd_tls.o)
                              c:/program files (x86)/cypress/psoc creator/4.4/psoc creator/import/gnu/arm/5.4.1/bin/../lib/gcc/arm-none-eabi/5.4.1/armv7e-m/softfp\libgcc.a(_aeabi_ldivmod.o) (__aeabi_ldiv0)
c:/program files (x86)/cypress/psoc creator/4.4/psoc creator/import/gnu/arm/5.4.1/bin/../lib/gcc/arm-none-eabi/5.4.1/../../../../arm-none-eabi/lib/armv7e-m/softfp\libg_nano.a(lib_a-exit.o)
                              c:/program files (x86)/cypress/psoc creator/4.4/psoc creator/import/gnu/arm/5.4.1/bin/../lib/gcc/arm-none-eabi/5.4.1/../../../../arm-none-eabi/lib/armv7e-m/softfp/crt0.o (exit)
c:/program files (x86)/cypress/psoc creator/4.4/psoc creator/import/gnu/arm/5.4.1/bin/../lib/gcc/arm-none-eabi/5.4.1/../../../../arm-none-eabi/lib/armv7e-m/softfp\libg_nano.a(lib_a-impure.o)
                              c:/program files (x86)/cypress/psoc creator/4.4/psoc creator/import/gnu/arm/5.4.1/bin/../lib/gcc/arm-none-eabi/5.4.1/../../../../arm-none-eabi/lib/armv7e-m/softfp\libg_nano.a(lib_a-exit.o) (_global_impure_ptr)
c:/program files (x86)/cypress/psoc creator/4.4/psoc creator/import/gnu/arm/5.4.1/bin/../lib/gcc/arm-none-eabi/5.4.1/../../../../arm-none-eabi/lib/armv7e-m/softfp\libg_nano.a(lib_a-init.o)
                              c:/program files (x86)/cypress/psoc creator/4.4/psoc creator/import/gnu/arm/5.4.1/bin/../lib/gcc/arm-none-eabi/5.4.1/../../../../arm-none-eabi/lib/armv7e-m/softfp/crt0.o (__libc_init_array)
c:/program files (x86)/cypress/psoc creator/4.4/psoc creator/import/gnu/arm/5.4.1/bin/../lib/gcc/arm-none-eabi/5.4.1/../../../../arm-none-eabi/lib/armv7e-m/softfp\libg_nano.a(lib_a-memcpy-stub.o)
                              .\CortexM4\ARM_GCC_541\Debug\main_cm4.o (memcpy)
c:/program files (x86)/cypress/psoc creator/4.4/psoc creator/import/gnu/arm/5.4.1/bin/../lib/gcc/arm-none-eabi/5.4.1/../../../../arm-none-eabi/lib/armv7e-m/softfp\libg_nano.a(lib_a-memset.o)
                              c:/program files (x86)/cypress/psoc creator/4.4/psoc creator/import/gnu/arm/5.4.1/bin/../lib/gcc/arm-none-eabi/5.4.1/../../../../arm-none-eabi/lib/armv7e-m/softfp/crt0.o (memset)
c:/program files (x86)/cypress/psoc creator/4.4/psoc creator/import/gnu/arm/5.4.1/bin/../lib/gcc/arm-none-eabi/5.4.1/../../../../arm-none-eabi/lib/armv7e-m/softfp\libg_nano.a(lib_a-strncpy.o)
                              .\CortexM4\ARM_GCC_541\Debug\cy_syslib.o (strncpy)
c:/program files (x86)/cypress/psoc creator/4.4/psoc creator/import/gnu/arm/5.4.1/bin/../lib/gcc/arm-none-eabi/5.4.1/../../../../arm-none-eabi/lib/armv7e-m/softfp\libnosys.a(_exit.o)
                              c:/program files (x86)/cypress/psoc creator/4.4/psoc creator/import/gnu/arm/5.4.1/bin/../lib/gcc/arm-none-eabi/5.4.1/../../../../arm-none-eabi/lib/armv7e-m/softfp\libg_nano.a(lib_a-exit.o) (_exit)
c:/program files (x86)/cypress/psoc creator/4.4/psoc creator/import/gnu/arm/5.4.1/bin/../lib/gcc/arm-none-eabi/5.4.1/../../../../arm-none-eabi/lib/armv7e-m/softfp\libm.a(lib_a-s_floor.o)
                              .\CortexM4\ARM_GCC_541\Debug\cy_sysclk.o (floor)
[...]
Memory Configuration

Name             Origin             Length             Attributes
ram              0x08024000         0x00023800         xrw
flash            0x10080000         0x00080000         xr
em_eeprom        0x14000000         0x00008000         xr
sflash_user_data 0x16000800         0x00000800         xr
sflash_nar       0x16001a00         0x00000200         xr
sflash_public_key 0x16005a00         0x00000c00         xr
sflash_toc_2     0x16007c00         0x00000200         xr
sflash_rtoc_2    0x16007e00         0x00000200         xr
xip              0x18000000         0x08000000         xr
efuse            0x90700000         0x00100000         r
*default*        0x00000000         0xffffffff

Linker script and memory map

LOAD c:/program files (x86)/cypress/psoc creator/4.4/psoc creator/import/gnu/arm/5.4.1/bin/../lib/gcc/arm-none-eabi/5.4.1/armv7e-m/softfp/crti.o
LOAD c:/program files (x86)/cypress/psoc creator/4.4/psoc creator/import/gnu/arm/5.4.1/bin/../lib/gcc/arm-none-eabi/5.4.1/armv7e-m/softfp/crtbegin.o
LOAD c:/program files (x86)/cypress/psoc creator/4.4/psoc creator/import/gnu/arm/5.4.1/bin/../lib/gcc/arm-none-eabi/5.4.1/../../../../arm-none-eabi/lib/armv7e-m/softfp/crt0.o
START GROUP
LOAD .\CortexM4\ARM_GCC_541\Debug\startup_psoc6_01_cm4.o
LOAD .\CortexM4\ARM_GCC_541\Debug\main_cm4.o
LOAD .\CortexM4\ARM_GCC_541\Debug\system_psoc6_cm4.o
LOAD .\CortexM4\ARM_GCC_541\Debug\car.o
LOAD .\CortexM4\ARM_GCC_541\Debug\PCA9685.o
LOAD .\CortexM4\ARM_GCC_541\Debug\utils.o
LOAD .\CortexM4\ARM_GCC_541\Debug\music.o
LOAD .\CortexM4\ARM_GCC_541\Debug\PCF8574.o
LOAD .\CortexM4\ARM_GCC_541\Debug\cm4_ipc.o
LOAD .\CortexM4\ARM_GCC_541\Debug\debug_cm4.o
LOAD .\CortexM4\ARM_GCC_541\Debug\ledctrl.o
LOAD .\CortexM4\ARM_GCC_541\Debug\cyfitter_sysint_cfg.o
LOAD .\CortexM4\ARM_GCC_541\Debug\cymetadata.o
LOAD .\CortexM4\ARM_GCC_541\Debug\ADC.o
LOAD .\CortexM4\ARM_GCC_541\Debug\ADC_INT.o
LOAD .\CortexM4\ARM_GCC_541\Debug\ADC_INIT.o
LOAD .\CortexM4\ARM_GCC_541\Debug\ADC_PM.o
LOAD .\CortexM4\ARM_GCC_541\Debug\I2C_Main.o
LOAD .\CortexM4\ARM_GCC_541\Debug\UART_Debug.o
LOAD .\CortexM4\ARM_GCC_541\Debug\PWM_Trig.o
LOAD .\CortexM4\ARM_GCC_541\Debug\Counter_Echo.o
LOAD .\CortexM4\ARM_GCC_541\Debug\IR.o
LOAD .\CortexM4\ARM_GCC_541\Debug\PWM_Buz.o
LOAD .\CortexM4\ARM_GCC_541\Debug\BLE.o
LOAD .\CortexM4\ARM_GCC_541\Debug\BLE_config.o
LOAD .\CortexM4\ARM_GCC_541\Debug\BLE_custom_config.o
LOAD .\CortexM4\ARM_GCC_541\Debug\SPI_LEDCTRL.o
LOAD .\CortexM4\ARM_GCC_541\Debug\cy_efuse.o
LOAD .\CortexM4\ARM_GCC_541\Debug\cy_flash.o
LOAD .\CortexM4\ARM_GCC_541\Debug\cy_gpio.o
LOAD .\CortexM4\ARM_GCC_541\Debug\cy_ipc_drv.o
LOAD .\CortexM4\ARM_GCC_541\Debug\cy_ipc_sema.o
LOAD .\CortexM4\ARM_GCC_541\Debug\cy_ipc_pipe.o
LOAD .\CortexM4\ARM_GCC_541\Debug\cy_lvd.o
LOAD .\CortexM4\ARM_GCC_541\Debug\cy_profile.o
LOAD .\CortexM4\ARM_GCC_541\Debug\cy_prot.o
LOAD .\CortexM4\ARM_GCC_541\Debug\cy_sar.o
LOAD .\CortexM4\ARM_GCC_541\Debug\cy_scb_common.o
LOAD .\CortexM4\ARM_GCC_541\Debug\cy_scb_i2c.o
LOAD .\CortexM4\ARM_GCC_541\Debug\cy_scb_ezi2c.o
LOAD .\CortexM4\ARM_GCC_541\Debug\cy_scb_spi.o
LOAD .\CortexM4\ARM_GCC_541\Debug\cy_scb_uart.o
LOAD .\CortexM4\ARM_GCC_541\Debug\cy_sysanalog.o
LOAD .\CortexM4\ARM_GCC_541\Debug\cy_sysclk.o
LOAD .\CortexM4\ARM_GCC_541\Debug\cy_sysint.o
LOAD .\CortexM4\ARM_GCC_541\Debug\cy_syslib.o
LOAD .\CortexM4\ARM_GCC_541\Debug\cy_syslib_gcc.o
LOAD .\CortexM4\ARM_GCC_541\Debug\cy_syspm.o
LOAD .\CortexM4\ARM_GCC_541\Debug\cy_systick.o
LOAD .\CortexM4\ARM_GCC_541\Debug\cy_tcpwm_counter.o
LOAD .\CortexM4\ARM_GCC_541\Debug\cy_tcpwm_pwm.o
LOAD .\CortexM4\ARM_GCC_541\Debug\cy_tcpwm_quaddec.o
LOAD .\CortexM4\ARM_GCC_541\Debug\cy_trigmux.o
LOAD .\CortexM4\ARM_GCC_541\Debug\cy_wdt.o
LOAD .\CortexM4\ARM_GCC_541\Debug\cy_device.o
LOAD .\CortexM4\ARM_GCC_541\Debug\cy_ble.o
LOAD .\CortexM4\ARM_GCC_541\Debug\cy_ble_hal_int.o
LOAD .\CortexM4\ARM_GCC_541\Debug\cy_ble_hal_pvt.o
LOAD .\CortexM4\ARM_GCC_541\Debug\cy_ble_gap.o
LOAD .\CortexM4\ARM_GCC_541\Debug\cy_ble_gatt.o
LOAD .\CortexM4\ARM_GCC_541\Debug\cy_ble_event_handler.o
LOAD .\CortexM4\ARM_GCC_541\Debug\cy_ble_ancs.o
LOAD .\CortexM4\ARM_GCC_541\Debug\cy_ble_ans.o
LOAD .\CortexM4\ARM_GCC_541\Debug\cy_ble_aios.o
LOAD .\CortexM4\ARM_GCC_541\Debug\cy_ble_bas.o
LOAD .\CortexM4\ARM_GCC_541\Debug\cy_ble_bcs.o
LOAD .\CortexM4\ARM_GCC_541\Debug\cy_ble_bls.o
LOAD .\CortexM4\ARM_GCC_541\Debug\cy_ble_bms.o
LOAD .\CortexM4\ARM_GCC_541\Debug\cy_ble_bts.o
LOAD .\CortexM4\ARM_GCC_541\Debug\cy_ble_cgms.o
LOAD .\CortexM4\ARM_GCC_541\Debug\cy_ble_cps.o
LOAD .\CortexM4\ARM_GCC_541\Debug\cy_ble_cscs.o
LOAD .\CortexM4\ARM_GCC_541\Debug\cy_ble_cts.o
LOAD .\CortexM4\ARM_GCC_541\Debug\cy_ble_custom.o
LOAD .\CortexM4\ARM_GCC_541\Debug\cy_ble_dis.o
LOAD .\CortexM4\ARM_GCC_541\Debug\cy_ble_ess.o
LOAD .\CortexM4\ARM_GCC_541\Debug\cy_ble_gls.o
LOAD .\CortexM4\ARM_GCC_541\Debug\cy_ble_hids.o
LOAD .\CortexM4\ARM_GCC_541\Debug\cy_ble_hps.o
LOAD .\CortexM4\ARM_GCC_541\Debug\cy_ble_hrs.o
LOAD .\CortexM4\ARM_GCC_541\Debug\cy_ble_hts.o
LOAD .\CortexM4\ARM_GCC_541\Debug\cy_ble_ias.o
LOAD .\CortexM4\ARM_GCC_541\Debug\cy_ble_ips.o
LOAD .\CortexM4\ARM_GCC_541\Debug\cy_ble_lls.o
LOAD .\CortexM4\ARM_GCC_541\Debug\cy_ble_lns.o
LOAD .\CortexM4\ARM_GCC_541\Debug\cy_ble_ndcs.o
LOAD .\CortexM4\ARM_GCC_541\Debug\cy_ble_plxs.o
LOAD .\CortexM4\ARM_GCC_541\Debug\cy_ble_pass.o
LOAD .\CortexM4\ARM_GCC_541\Debug\cy_ble_rscs.o
LOAD .\CortexM4\ARM_GCC_541\Debug\cy_ble_rtus.o
LOAD .\CortexM4\ARM_GCC_541\Debug\cy_ble_scps.o
LOAD .\CortexM4\ARM_GCC_541\Debug\cy_ble_tps.o
LOAD .\CortexM4\ARM_GCC_541\Debug\cy_ble_uds.o
LOAD .\CortexM4\ARM_GCC_541\Debug\cy_ble_wpts.o
LOAD .\CortexM4\ARM_GCC_541\Debug\cy_ble_wss.o
LOAD .\CortexM4\ARM_GCC_541\Debug\cy_ble_clk.o
END GROUP
START GROUP
LOAD c:/program files (x86)/cypress/psoc creator/4.4/psoc creator/import/gnu/arm/5.4.1/bin/../lib/gcc/arm-none-eabi/5.4.1/armv7e-m/softfp\libgcc.a
LOAD c:/program files (x86)/cypress/psoc creator/4.4/psoc creator/import/gnu/arm/5.4.1/bin/../lib/gcc/arm-none-eabi/5.4.1/../../../../arm-none-eabi/lib/armv7e-m/softfp\libg_nano.a
LOAD c:/program files (x86)/cypress/psoc creator/4.4/psoc creator/import/gnu/arm/5.4.1/bin/../lib/gcc/arm-none-eabi/5.4.1/../../../../arm-none-eabi/lib/armv7e-m/softfp\libc_nano.a
END GROUP
START GROUP
LOAD c:/program files (x86)/cypress/psoc creator/4.4/psoc creator/import/gnu/arm/5.4.1/bin/../lib/gcc/arm-none-eabi/5.4.1/armv7e-m/softfp\libgcc.a
LOAD c:/program files (x86)/cypress/psoc creator/4.4/psoc creator/import/gnu/arm/5.4.1/bin/../lib/gcc/arm-none-eabi/5.4.1/../../../../arm-none-eabi/lib/armv7e-m/softfp\libc_nano.a
END GROUP
LOAD c:/program files (x86)/cypress/psoc creator/4.4/psoc creator/import/gnu/arm/5.4.1/bin/../lib/gcc/arm-none-eabi/5.4.1/armv7e-m/softfp/crtend.o
LOAD c:/program files (x86)/cypress/psoc creator/4.4/psoc creator/import/gnu/arm/5.4.1/bin/../lib/gcc/arm-none-eabi/5.4.1/armv7e-m/softfp/crtn.o
START GROUP
LOAD c:/program files (x86)/cypress/psoc creator/4.4/psoc creator/import/gnu/arm/5.4.1/bin/../lib/gcc/arm-none-eabi/5.4.1/armv7e-m/softfp\libgcc.a
LOAD c:/program files (x86)/cypress/psoc creator/4.4/psoc creator/import/gnu/arm/5.4.1/bin/../lib/gcc/arm-none-eabi/5.4.1/../../../../arm-none-eabi/lib/armv7e-m/softfp\libc.a
LOAD c:/program files (x86)/cypress/psoc creator/4.4/psoc creator/import/gnu/arm/5.4.1/bin/../lib/gcc/arm-none-eabi/5.4.1/../../../../arm-none-eabi/lib/armv7e-m/softfp\libnosys.a
END GROUP
START GROUP
LOAD c:/program files (x86)/cypress/psoc creator/4.4/psoc creator/import/gnu/arm/5.4.1/bin/../lib/gcc/arm-none-eabi/5.4.1/armv7e-m/softfp\libgcc.a
LOAD c:/program files (x86)/cypress/psoc creator/4.4/psoc creator/import/gnu/arm/5.4.1/bin/../lib/gcc/arm-none-eabi/5.4.1/../../../../arm-none-eabi/lib/armv7e-m/softfp\libc.a
LOAD c:/program files (x86)/cypress/psoc creator/4.4/psoc creator/import/gnu/arm/5.4.1/bin/../lib/gcc/arm-none-eabi/5.4.1/../../../../arm-none-eabi/lib/armv7e-m/softfp\libm.a
LOAD c:/program files (x86)/cypress/psoc creator/4.4/psoc creator/import/gnu/arm/5.4.1/bin/../lib/gcc/arm-none-eabi/5.4.1/../../../../arm-none-eabi/lib/armv7e-m/softfp\libnosys.a
END GROUP

.text           0x10080000     0x3184
                0x10080000                . = ALIGN (0x4)
                0x10080000                __Vectors = .
 *(.vectors)
 .vectors       0x10080000      0x28c .\CortexM4\ARM_GCC_541\Debug\startup_psoc6_01_cm4.o
                0x1008028c                . = ALIGN (0x4)
                0x1008028c                __Vectors_End = .
                0x0000028c                __Vectors_Size = (__Vectors_End - __Vectors)
                0x1008028c                __end__ = .
                0x1008028c                . = ALIGN (0x4)
 *(.text*)
 .text          0x1008028c       0x5c c:/program files (x86)/cypress/psoc creator/4.4/psoc creator/import/gnu/arm/5.4.1/bin/../lib/gcc/arm-none-eabi/5.4.1/armv7e-m/softfp/crtbegin.o
 .text          0x100802e8       0x84 .\CortexM4\ARM_GCC_541\Debug\startup_psoc6_01_cm4.o
                0x100802e8                Cy_OnResetUser
                0x100802ea                Reset_Handler
                0x1008034c                cpuss_interrupts_ipc_6_IRQHandler
                0x1008034c                DebugMon_Handler
                0x1008034c                tcpwm_1_interrupts_11_IRQHandler
                0x1008034c                cpuss_interrupts_ipc_0_IRQHandler
                0x1008034c                tcpwm_1_interrupts_15_IRQHandler
                0x1008034c                ioss_interrupts_gpio_13_IRQHandler
                0x1008034c                tcpwm_1_interrupts_13_IRQHandler
                0x1008034c                cpuss_interrupts_dw1_8_IRQHandler
                0x1008034c                tcpwm_0_interrupts_0_IRQHandler
                0x1008034c                SysTick_Handler
                0x1008034c                cpuss_interrupt_fm_IRQHandler
                0x1008034c                cpuss_interrupts_ipc_7_IRQHandler
                0x1008034c                tcpwm_1_interrupts_14_IRQHandler
                0x1008034c                cpuss_interrupts_dw0_5_IRQHandler
                0x1008034c                tcpwm_1_interrupts_9_IRQHandler
                0x1008034c                cpuss_interrupts_cm0_cti_1_IRQHandler
                0x1008034c                tcpwm_1_interrupts_22_IRQHandler
                0x1008034c                cpuss_interrupts_dw0_4_IRQHandler
                0x1008034c                PendSV_Handler
                0x1008034c                NMI_Handler
                0x1008034c                cpuss_interrupts_dw1_12_IRQHandler
                0x1008034c                tcpwm_1_interrupts_12_IRQHandler
                0x1008034c                smif_interrupt_IRQHandler
                0x1008034c                tcpwm_1_interrupts_2_IRQHandler
                0x1008034c                cpuss_interrupts_ipc_13_IRQHandler
                0x1008034c                udb_interrupts_11_IRQHandler
                0x1008034c                tcpwm_1_interrupts_18_IRQHandler
                0x1008034c                cpuss_interrupts_dw0_11_IRQHandler
                0x1008034c                tcpwm_0_interrupts_2_IRQHandler
                0x1008034c                cpuss_interrupts_dw0_13_IRQHandler
                0x1008034c                udb_interrupts_2_IRQHandler
                0x1008034c                cpuss_interrupts_dw1_7_IRQHandler
                0x1008034c                ioss_interrupts_gpio_1_IRQHandler
                0x1008034c                ioss_interrupts_gpio_7_IRQHandler
                0x1008034c                scb_5_interrupt_IRQHandler
                0x1008034c                udb_interrupts_6_IRQHandler
                0x1008034c                cpuss_interrupts_fault_1_IRQHandler
                0x1008034c                cpuss_interrupts_ipc_4_IRQHandler
                0x1008034c                cpuss_interrupts_ipc_5_IRQHandler
                0x1008034c                cpuss_interrupts_dw1_10_IRQHandler
                0x1008034c                udb_interrupts_0_IRQHandler
                0x1008034c                tcpwm_1_interrupts_6_IRQHandler
                0x1008034c                scb_4_interrupt_IRQHandler
                0x1008034c                pass_interrupt_dacs_IRQHandler
                0x1008034c                ioss_interrupts_gpio_2_IRQHandler
                0x1008034c                cpuss_interrupts_dw1_9_IRQHandler
                0x1008034c                cpuss_interrupts_dw1_13_IRQHandler
                0x1008034c                scb_2_interrupt_IRQHandler
                0x1008034c                cpuss_interrupts_cm0_cti_0_IRQHandler
                0x1008034c                udb_interrupts_5_IRQHandler
                0x1008034c                srss_interrupt_IRQHandler
                0x1008034c                udb_interrupts_12_IRQHandler
                0x1008034c                scb_0_interrupt_IRQHandler
                0x1008034c                csd_interrupt_IRQHandler
                0x1008034c                udb_interrupts_1_IRQHandler
                0x1008034c                profile_interrupt_IRQHandler
                0x1008034c                tcpwm_1_interrupts_1_IRQHandler
                0x1008034c                cpuss_interrupts_ipc_12_IRQHandler
                0x1008034c                tcpwm_1_interrupts_3_IRQHandler
                0x1008034c                tcpwm_0_interrupts_7_IRQHandler
                0x1008034c                cpuss_interrupts_dw1_1_IRQHandler
                0x1008034c                cpuss_interrupts_dw1_0_IRQHandler
                0x1008034c                cpuss_interrupts_dw0_9_IRQHandler
                0x1008034c                lpcomp_interrupt_IRQHandler
                0x1008034c                tcpwm_1_interrupts_23_IRQHandler
                0x1008034c                udb_interrupts_4_IRQHandler
                0x1008034c                tcpwm_1_interrupts_20_IRQHandler
                0x1008034c                ioss_interrupt_gpio_IRQHandler
                0x1008034c                tcpwm_0_interrupts_1_IRQHandler
                0x1008034c                ioss_interrupts_gpio_8_IRQHandler
                0x1008034c                tcpwm_0_interrupts_6_IRQHandler
                0x1008034c                scb_7_interrupt_IRQHandler
                0x1008034c                tcpwm_1_interrupts_7_IRQHandler
                0x1008034c                cpuss_interrupts_ipc_11_IRQHandler
                0x1008034c                udb_interrupts_13_IRQHandler
                0x1008034c                cpuss_interrupts_dw0_15_IRQHandler
                0x1008034c                udb_interrupts_7_IRQHandler
                0x1008034c                cpuss_interrupts_dw1_6_IRQHandler
                0x1008034c                cpuss_interrupt_crypto_IRQHandler
                0x1008034c                scb_1_interrupt_IRQHandler
                0x1008034c                Default_Handler
                0x1008034c                usb_interrupt_hi_IRQHandler
                0x1008034c                tcpwm_1_interrupts_0_IRQHandler
                0x1008034c                udb_interrupts_9_IRQHandler
                0x1008034c                audioss_interrupt_pdm_IRQHandler
                0x1008034c                srss_interrupt_mcwdt_0_IRQHandler
                0x1008034c                scb_3_interrupt_IRQHandler
                0x1008034c                pass_interrupt_ctbs_IRQHandler
                0x1008034c                udb_interrupts_8_IRQHandler
                0x1008034c                ioss_interrupts_gpio_3_IRQHandler
                0x1008034c                scb_6_interrupt_IRQHandler
                0x1008034c                cpuss_interrupts_cm4_cti_0_IRQHandler
                0x1008034c                cpuss_interrupts_dw1_3_IRQHandler
                0x1008034c                pass_interrupt_sar_IRQHandler
                0x1008034c                ioss_interrupts_gpio_0_IRQHandler
                0x1008034c                ioss_interrupts_gpio_14_IRQHandler
                0x1008034c                tcpwm_0_interrupts_4_IRQHandler
                0x1008034c                udb_interrupts_3_IRQHandler
                0x1008034c                tcpwm_0_interrupts_5_IRQHandler
                0x1008034c                cpuss_interrupts_ipc_15_IRQHandler
                0x1008034c                cpuss_interrupts_cm4_cti_1_IRQHandler
                0x1008034c                scb_8_interrupt_IRQHandler
                0x1008034c                srss_interrupt_mcwdt_1_IRQHandler
                0x1008034c                cpuss_interrupts_dw1_2_IRQHandler
                0x1008034c                SVC_Handler
                0x1008034c                cpuss_interrupts_dw1_5_IRQHandler
                0x1008034c                cpuss_interrupts_ipc_1_IRQHandler
                0x1008034c                cpuss_interrupts_dw0_0_IRQHandler
                0x1008034c                ioss_interrupts_gpio_12_IRQHandler
                0x1008034c                cpuss_interrupts_ipc_3_IRQHandler
                0x1008034c                tcpwm_1_interrupts_17_IRQHandler
                0x1008034c                srss_interrupt_backup_IRQHandler
                0x1008034c                bless_interrupt_IRQHandler
                0x1008034c                cpuss_interrupts_ipc_10_IRQHandler
                0x1008034c                cpuss_interrupts_ipc_9_IRQHandler
                0x1008034c                cpuss_interrupts_dw0_14_IRQHandler
                0x1008034c                tcpwm_1_interrupts_4_IRQHandler
                0x1008034c                tcpwm_0_interrupts_3_IRQHandler
                0x1008034c                cpuss_interrupts_dw1_15_IRQHandler
                0x1008034c                ioss_interrupts_gpio_10_IRQHandler
                0x1008034c                udb_interrupts_10_IRQHandler
                0x1008034c                cpuss_interrupts_dw0_8_IRQHandler
                0x1008034c                ioss_interrupts_gpio_11_IRQHandler
                0x1008034c                cpuss_interrupts_ipc_14_IRQHandler
                0x1008034c                ioss_interrupts_gpio_5_IRQHandler
                0x1008034c                ioss_interrupts_gpio_4_IRQHandler
                0x1008034c                tcpwm_1_interrupts_8_IRQHandler
                0x1008034c                cpuss_interrupts_dw1_14_IRQHandler
                0x1008034c                usb_interrupt_med_IRQHandler
                0x1008034c                cpuss_interrupts_dw0_2_IRQHandler
                0x1008034c                tcpwm_1_interrupts_10_IRQHandler
                0x1008034c                cpuss_interrupts_fault_0_IRQHandler
                0x1008034c                cpuss_interrupts_dw0_12_IRQHandler
                0x1008034c                ioss_interrupts_gpio_6_IRQHandler
                0x1008034c                tcpwm_1_interrupts_21_IRQHandler
                0x1008034c                tcpwm_1_interrupts_16_IRQHandler
                0x1008034c                cpuss_interrupts_dw1_4_IRQHandler
                0x1008034c                udb_interrupts_15_IRQHandler
                0x1008034c                cpuss_interrupts_dw1_11_IRQHandler
                0x1008034c                cpuss_interrupts_dw0_6_IRQHandler
                0x1008034c                ioss_interrupt_vdd_IRQHandler
                0x1008034c                cpuss_interrupts_dw0_7_IRQHandler
                0x1008034c                audioss_interrupt_i2s_IRQHandler
                0x1008034c                tcpwm_1_interrupts_5_IRQHandler
                0x1008034c                cpuss_interrupts_ipc_2_IRQHandler
                0x1008034c                cpuss_interrupts_dw0_10_IRQHandler
                0x1008034c                tcpwm_1_interrupts_19_IRQHandler
                0x1008034c                cpuss_interrupts_dw0_1_IRQHandler
                0x1008034c                ioss_interrupts_gpio_9_IRQHandler
                0x1008034c                usb_interrupt_lo_IRQHandler
                0x1008034c                cpuss_interrupts_ipc_8_IRQHandler
                0x1008034c                udb_interrupts_14_IRQHandler
                0x1008034c                cpuss_interrupts_dw0_3_IRQHandler
                0x10080350                UsageFault_Handler
                0x10080350                HardFault_Handler
                0x10080350                MemManage_Handler
                0x10080350                BusFault_Handler
 .text.I2C_1_Isr
                0x1008036c       0x14 .\CortexM4\ARM_GCC_541\Debug\main_cm4.o
                0x1008036c                I2C_1_Isr
 .text.processCM4Command
                0x10080380       0x68 .\CortexM4\ARM_GCC_541\Debug\main_cm4.o
 .text.processIncomingIPCMessage
                0x100803e8       0x1c .\CortexM4\ARM_GCC_541\Debug\main_cm4.o
 .text.main     0x10080404      0x114 .\CortexM4\ARM_GCC_541\Debug\main_cm4.o
                0x10080404                main
 .text.Cy_SysIpcPipeIsrCm4
                0x10080518        0xc .\CortexM4\ARM_GCC_541\Debug\system_psoc6_cm4.o
                0x10080518                Cy_SysIpcPipeIsrCm4
 .text.Cy_SystemInit
                0x10080524        0x4 .\CortexM4\ARM_GCC_541\Debug\system_psoc6_cm4.o
                0x10080524                Cy_SystemInit
 .text.SystemCoreClockUpdate
                0x10080528      0x190 .\CortexM4\ARM_GCC_541\Debug\system_psoc6_cm4.o
                0x10080528                SystemCoreClockUpdate
 .text.SystemInit
                0x100806b8       0x48 .\CortexM4\ARM_GCC_541\Debug\system_psoc6_cm4.o
                0x100806b8                SystemInit
 .text.Cy_SystemInitFpuEnable
                0x10080700       0x28 .\CortexM4\ARM_GCC_541\Debug\system_psoc6_cm4.o
                0x10080700                Cy_SystemInitFpuEnable
 .text.systick_handler
                0x10080728       0x10 .\CortexM4\ARM_GCC_541\Debug\car.o
 .text.Motor_Init
                0x10080738       0x10 .\CortexM4\ARM_GCC_541\Debug\car.o
                0x10080738                Motor_Init
 .text.Motor_Move
                0x10080748       0xec .\CortexM4\ARM_GCC_541\Debug\car.o
                0x10080748                Motor_Move
 .text.Sound_Init
                0x10080834       0x24 .\CortexM4\ARM_GCC_541\Debug\car.o
                0x10080834                Sound_Init
 .text.Track_Init
                0x10080858        0x8 .\CortexM4\ARM_GCC_541\Debug\car.o
                0x10080858                Track_Init
 .text.Track_Read
                0x10080860        0xc .\CortexM4\ARM_GCC_541\Debug\car.o
                0x10080860                Track_Read
 .text.Timing_Init
                0x1008086c       0x20 .\CortexM4\ARM_GCC_541\Debug\car.o
                0x1008086c                Timing_Init
 .text.Timing_GetMillisecongs
                0x1008088c        0xc .\CortexM4\ARM_GCC_541\Debug\car.o
                0x1008088c                Timing_GetMillisecongs
 .text.write32  0x10080898       0x60 .\CortexM4\ARM_GCC_541\Debug\PCA9685.o
 .text.write8   0x100808f8       0x4c .\CortexM4\ARM_GCC_541\Debug\PCA9685.o
 .text.read8    0x10080944       0x6c .\CortexM4\ARM_GCC_541\Debug\PCA9685.o
 .text.sleep    0x100809b0       0x18 .\CortexM4\ARM_GCC_541\Debug\PCA9685.o
 .text.wake     0x100809c8       0x34 .\CortexM4\ARM_GCC_541\Debug\PCA9685.o
 .text.PCA9685_Init
                0x100809fc       0x38 .\CortexM4\ARM_GCC_541\Debug\PCA9685.o
                0x100809fc                PCA9685_Init
 .text.PCA9685_setChannelOnAndOffTime
                0x10080a34       0x1c .\CortexM4\ARM_GCC_541\Debug\PCA9685.o
                0x10080a34                PCA9685_setChannelOnAndOffTime
 .text.PCA9685_setPrescale
                0x10080a50       0x18 .\CortexM4\ARM_GCC_541\Debug\PCA9685.o
                0x10080a50                PCA9685_setPrescale
 .text.PCA9685_frequencyToPrescale
                0x10080a68       0x38 .\CortexM4\ARM_GCC_541\Debug\PCA9685.o
                0x10080a68                PCA9685_frequencyToPrescale
 .text.PCA9685_setToFrequency
                0x10080aa0        0xc .\CortexM4\ARM_GCC_541\Debug\PCA9685.o
                0x10080aa0                PCA9685_setToFrequency
 .text.PCA9685_pulseWidthAndPhaseShiftToOnTimeAndOffTime
                0x10080aac       0x30 .\CortexM4\ARM_GCC_541\Debug\PCA9685.o
                0x10080aac                PCA9685_pulseWidthAndPhaseShiftToOnTimeAndOffTime
 .text.PCA9685_setChannelPulseWidth
                0x10080adc       0x24 .\CortexM4\ARM_GCC_541\Debug\PCA9685.o
                0x10080adc                PCA9685_setChannelPulseWidth
 .text.constrain_int
                0x10080b00       0x10 .\CortexM4\ARM_GCC_541\Debug\utils.o
                0x10080b00                constrain_int
 .text.map_int  0x10080b10       0x1c .\CortexM4\ARM_GCC_541\Debug\utils.o
                0x10080b10                map_int
 .text.PCF8574_read8
                0x10080b2c       0x44 .\CortexM4\ARM_GCC_541\Debug\PCF8574.o
                0x10080b2c                PCF8574_read8
 .text.PCF8574_write8
                0x10080b70       0x48 .\CortexM4\ARM_GCC_541\Debug\PCF8574.o
                0x10080b70                PCF8574_write8
 .text.PCF8574_begin
                0x10080bb8        0xc .\CortexM4\ARM_GCC_541\Debug\PCF8574.o
                0x10080bb8                PCF8574_begin
 .text.CM4_ReleaseCallback
                0x10080bc4        0xc .\CortexM4\ARM_GCC_541\Debug\cm4_ipc.o
                0x10080bc4                CM4_ReleaseCallback
 .text.CM4_MessageCallback
                0x10080bd0       0x20 .\CortexM4\ARM_GCC_541\Debug\cm4_ipc.o
                0x10080bd0                CM4_MessageCallback
 .text.CM4_IsCM0Ready
                0x10080bf0        0xc .\CortexM4\ARM_GCC_541\Debug\cm4_ipc.o
                0x10080bf0                CM4_IsCM0Ready
 .text.CM4_isDataAvailableFromCM0
                0x10080bfc        0xc .\CortexM4\ARM_GCC_541\Debug\cm4_ipc.o
                0x10080bfc                CM4_isDataAvailableFromCM0
 .text.CM4_GetCM0Message
                0x10080c08       0x10 .\CortexM4\ARM_GCC_541\Debug\cm4_ipc.o
                0x10080c08                CM4_GetCM0Message
 .text.CM4_SendCM0Message
                0x10080c18       0x1c .\CortexM4\ARM_GCC_541\Debug\cm4_ipc.o
                0x10080c18                CM4_SendCM0Message
 .text.Leds_ColorToRawBitstream
                0x10080c34       0x38 .\CortexM4\ARM_GCC_541\Debug\ledctrl.o
 .text.Leds_SendData
                0x10080c6c       0x44 .\CortexM4\ARM_GCC_541\Debug\ledctrl.o
 .text.Leds_Init
                0x10080cb0       0x28 .\CortexM4\ARM_GCC_541\Debug\ledctrl.o
                0x10080cb0                Leds_Init
 .text.Leds_PutPixel
                0x10080cd8       0x28 .\CortexM4\ARM_GCC_541\Debug\ledctrl.o
                0x10080cd8                Leds_PutPixel
 .text.Leds_FillSolidColor
                0x10080d00       0x30 .\CortexM4\ARM_GCC_541\Debug\ledctrl.o
                0x10080d00                Leds_FillSolidColor
 .text.Leds_Update
                0x10080d30       0x14 .\CortexM4\ARM_GCC_541\Debug\ledctrl.o
                0x10080d30                Leds_Update
 .text.Cy_Flash_ProcessOpcode
                0x10080d44       0xac .\CortexM4\ARM_GCC_541\Debug\cy_flash.o
 .text.Cy_Flash_OperationStatus
                0x10080df0       0x5c .\CortexM4\ARM_GCC_541\Debug\cy_flash.o
 .text.Cy_Flash_InitExt
                0x10080e4c       0x80 .\CortexM4\ARM_GCC_541\Debug\cy_flash.o
                0x10080e4c                Cy_Flash_InitExt
 .text.Cy_Flash_Init
                0x10080ecc       0x10 .\CortexM4\ARM_GCC_541\Debug\cy_flash.o
                0x10080ecc                Cy_Flash_Init
 .text.Cy_IPC_Drv_LockRelease
                0x10080edc       0x3c .\CortexM4\ARM_GCC_541\Debug\cy_ipc_drv.o
                0x10080edc                Cy_IPC_Drv_LockRelease
 .text.Cy_IPC_Drv_SendMsgWord
                0x10080f18       0x3c .\CortexM4\ARM_GCC_541\Debug\cy_ipc_drv.o
                0x10080f18                Cy_IPC_Drv_SendMsgWord
 .text.Cy_IPC_Drv_ReadMsgWord
                0x10080f54       0x38 .\CortexM4\ARM_GCC_541\Debug\cy_ipc_drv.o
                0x10080f54                Cy_IPC_Drv_ReadMsgWord
 .text.Cy_IPC_Sema_InitExt
                0x10080f8c       0xac .\CortexM4\ARM_GCC_541\Debug\cy_ipc_sema.o
                0x10080f8c                Cy_IPC_Sema_InitExt
 .text.Cy_IPC_Sema_Init
                0x10081038       0x64 .\CortexM4\ARM_GCC_541\Debug\cy_ipc_sema.o
                0x10081038                Cy_IPC_Sema_Init
 .text.Cy_IPC_Sema_Clear
                0x1008109c       0x88 .\CortexM4\ARM_GCC_541\Debug\cy_ipc_sema.o
                0x1008109c                Cy_IPC_Sema_Clear
 .text.Cy_IPC_Sema_Status
                0x10081124       0x40 .\CortexM4\ARM_GCC_541\Debug\cy_ipc_sema.o
                0x10081124                Cy_IPC_Sema_Status
 .text.Cy_IPC_Pipe_Config
                0x10081164       0x10 .\CortexM4\ARM_GCC_541\Debug\cy_ipc_pipe.o
                0x10081164                Cy_IPC_Pipe_Config
 .text.Cy_IPC_Pipe_EndpointInit
                0x10081174       0xd0 .\CortexM4\ARM_GCC_541\Debug\cy_ipc_pipe.o
                0x10081174                Cy_IPC_Pipe_EndpointInit
 .text.Cy_IPC_Pipe_Init
                0x10081244       0xb4 .\CortexM4\ARM_GCC_541\Debug\cy_ipc_pipe.o
                0x10081244                Cy_IPC_Pipe_Init
 .text.Cy_IPC_Pipe_SendMessage
                0x100812f8       0xa4 .\CortexM4\ARM_GCC_541\Debug\cy_ipc_pipe.o
                0x100812f8                Cy_IPC_Pipe_SendMessage
 .text.Cy_IPC_Pipe_RegisterCallback
                0x1008139c       0x50 .\CortexM4\ARM_GCC_541\Debug\cy_ipc_pipe.o
                0x1008139c                Cy_IPC_Pipe_RegisterCallback
 .text.Cy_IPC_Pipe_ExecCallback
                0x100813ec       0xbc .\CortexM4\ARM_GCC_541\Debug\cy_ipc_pipe.o
                0x100813ec                Cy_IPC_Pipe_ExecCallback
 .text.Cy_IPC_Pipe_ExecuteCallback
                0x100814a8       0x2c .\CortexM4\ARM_GCC_541\Debug\cy_ipc_pipe.o
                0x100814a8                Cy_IPC_Pipe_ExecuteCallback
 .text.Cy_SCB_ReadArrayNoCheck
                0x100814d4       0x38 .\CortexM4\ARM_GCC_541\Debug\cy_scb_common.o
                0x100814d4                Cy_SCB_ReadArrayNoCheck
 .text.Cy_SCB_ReadArray
                0x1008150c       0x1c .\CortexM4\ARM_GCC_541\Debug\cy_scb_common.o
                0x1008150c                Cy_SCB_ReadArray
 .text.Cy_SCB_WriteArrayNoCheck
                0x10081528       0x38 .\CortexM4\ARM_GCC_541\Debug\cy_scb_common.o
                0x10081528                Cy_SCB_WriteArrayNoCheck
 .text.Cy_SCB_WriteArray
                0x10081560       0x2c .\CortexM4\ARM_GCC_541\Debug\cy_scb_common.o
                0x10081560                Cy_SCB_WriteArray
 .text.Cy_SCB_WriteArrayBlocking
                0x1008158c       0x30 .\CortexM4\ARM_GCC_541\Debug\cy_scb_common.o
                0x1008158c                Cy_SCB_WriteArrayBlocking
 .text.Cy_SCB_WriteDefaultArrayNoCheck
                0x100815bc       0x10 .\CortexM4\ARM_GCC_541\Debug\cy_scb_common.o
                0x100815bc                Cy_SCB_WriteDefaultArrayNoCheck
 .text.Cy_SCB_WriteDefaultArray
                0x100815cc       0x2c .\CortexM4\ARM_GCC_541\Debug\cy_scb_common.o
                0x100815cc                Cy_SCB_WriteDefaultArray
 .text.SlaveHandleStop
                0x100815f8       0xf8 .\CortexM4\ARM_GCC_541\Debug\cy_scb_i2c.o
 .text.MasterHandleEvents
                0x100816f0       0x74 .\CortexM4\ARM_GCC_541\Debug\cy_scb_i2c.o
 .text.MasterHandleStop
                0x10081764       0x2c .\CortexM4\ARM_GCC_541\Debug\cy_scb_i2c.o
 .text.MasterHandleComplete
                0x10081790       0xf4 .\CortexM4\ARM_GCC_541\Debug\cy_scb_i2c.o
 .text.SlaveHandleDataTransmit
                0x10081884       0xe8 .\CortexM4\ARM_GCC_541\Debug\cy_scb_i2c.o
 .text.MasterHandleDataTransmit
                0x1008196c       0xb8 .\CortexM4\ARM_GCC_541\Debug\cy_scb_i2c.o
 .text.SlaveHandleAddress
                0x10081a24      0x158 .\CortexM4\ARM_GCC_541\Debug\cy_scb_i2c.o
 .text.MasterHandleDataReceive
                0x10081b7c       0xf0 .\CortexM4\ARM_GCC_541\Debug\cy_scb_i2c.o
 .text.SlaveHandleDataReceive
                0x10081c6c       0xbc .\CortexM4\ARM_GCC_541\Debug\cy_scb_i2c.o
 .text.Cy_SCB_I2C_Init
                0x10081d28      0x18c .\CortexM4\ARM_GCC_541\Debug\cy_scb_i2c.o
                0x10081d28                Cy_SCB_I2C_Init
 .text.Cy_SCB_I2C_GetDataRate
                0x10081eb4       0x90 .\CortexM4\ARM_GCC_541\Debug\cy_scb_i2c.o
                0x10081eb4                Cy_SCB_I2C_GetDataRate
 .text.Cy_SCB_I2C_SetDataRate
                0x10081f44      0x1d0 .\CortexM4\ARM_GCC_541\Debug\cy_scb_i2c.o
                0x10081f44                Cy_SCB_I2C_SetDataRate
 .text.Cy_SCB_I2C_MasterGetStatus
                0x10082114        0x4 .\CortexM4\ARM_GCC_541\Debug\cy_scb_i2c.o
                0x10082114                Cy_SCB_I2C_MasterGetStatus
 .text.Cy_SCB_I2C_MasterRead
                0x10082118      0x170 .\CortexM4\ARM_GCC_541\Debug\cy_scb_i2c.o
                0x10082118                Cy_SCB_I2C_MasterRead
 .text.Cy_SCB_I2C_MasterWrite
                0x10082288      0x148 .\CortexM4\ARM_GCC_541\Debug\cy_scb_i2c.o
                0x10082288                Cy_SCB_I2C_MasterWrite
 .text.Cy_SCB_I2C_SlaveInterrupt
                0x100823d0      0x104 .\CortexM4\ARM_GCC_541\Debug\cy_scb_i2c.o
                0x100823d0                Cy_SCB_I2C_SlaveInterrupt
 .text.Cy_SCB_I2C_MasterInterrupt
                0x100824d4       0x8c .\CortexM4\ARM_GCC_541\Debug\cy_scb_i2c.o
                0x100824d4                Cy_SCB_I2C_MasterInterrupt
 .text.Cy_SCB_I2C_Interrupt
                0x10082560       0x18 .\CortexM4\ARM_GCC_541\Debug\cy_scb_i2c.o
                0x10082560                Cy_SCB_I2C_Interrupt
 .text.Cy_SCB_SPI_Init
                0x10082578      0x268 .\CortexM4\ARM_GCC_541\Debug\cy_scb_spi.o
                0x10082578                Cy_SCB_SPI_Init
 .text.Cy_SysInt_SetVector
                0x100827e0       0x48 .\CortexM4\ARM_GCC_541\Debug\cy_sysint.o
                0x100827e0                Cy_SysInt_SetVector
 .text.Cy_SysInt_Init
                0x10082828       0x74 .\CortexM4\ARM_GCC_541\Debug\cy_sysint.o
                0x10082828                Cy_SysInt_Init
 .text.Cy_SysLib_Delay
                0x1008289c       0x30 .\CortexM4\ARM_GCC_541\Debug\cy_syslib.o
                0x1008289c                Cy_SysLib_Delay
 .text.Cy_SysLib_DelayUs
                0x100828cc       0x14 .\CortexM4\ARM_GCC_541\Debug\cy_syslib.o
                0x100828cc                Cy_SysLib_DelayUs
 .text.Cy_SysLib_Halt
                0x100828e0        0x4 .\CortexM4\ARM_GCC_541\Debug\cy_syslib.o
                0x100828e0                Cy_SysLib_Halt
 .text.Cy_SysLib_AssertFailed
                0x100828e4       0x1c .\CortexM4\ARM_GCC_541\Debug\cy_syslib.o
                0x100828e4                Cy_SysLib_AssertFailed
 .text.Cy_SysLib_ProcessingFault
                0x10082900        0x4 .\CortexM4\ARM_GCC_541\Debug\cy_syslib.o
                0x10082900                Cy_SysLib_ProcessingFault
 .text.Cy_SysLib_FaultHandler
                0x10082904       0xa4 .\CortexM4\ARM_GCC_541\Debug\cy_syslib.o
                0x10082904                Cy_SysLib_FaultHandler
 .text          0x100829a8       0x20 .\CortexM4\ARM_GCC_541\Debug\cy_syslib_gcc.o
                0x100829a8                Cy_SysLib_DelayCycles
                0x100829ba                Cy_SysLib_EnterCriticalSection
                0x100829c2                Cy_SysLib_ExitCriticalSection
 .text.Cy_SysTick_ServiceCallbacks
                0x100829c8       0x2c .\CortexM4\ARM_GCC_541\Debug\cy_systick.o
 .text.Cy_SysTick_Enable
                0x100829f4       0x18 .\CortexM4\ARM_GCC_541\Debug\cy_systick.o
                0x100829f4                Cy_SysTick_Enable
 .text.Cy_SysTick_SetClockSource
                0x10082a0c       0x38 .\CortexM4\ARM_GCC_541\Debug\cy_systick.o
                0x10082a0c                Cy_SysTick_SetClockSource
 .text.Cy_SysTick_Init
                0x10082a44       0x44 .\CortexM4\ARM_GCC_541\Debug\cy_systick.o
                0x10082a44                Cy_SysTick_Init
 .text.Cy_SysTick_SetCallback
                0x10082a88       0x1c .\CortexM4\ARM_GCC_541\Debug\cy_systick.o
                0x10082a88                Cy_SysTick_SetCallback
 .text.Cy_TCPWM_PWM_Init
                0x10082aa4      0x16c .\CortexM4\ARM_GCC_541\Debug\cy_tcpwm_pwm.o
                0x10082aa4                Cy_TCPWM_PWM_Init
 .text.Cy_PDL_Init
                0x10082c10        0xc .\CortexM4\ARM_GCC_541\Debug\cy_device.o
                0x10082c10                Cy_PDL_Init
 .text.memcpy   0x10082c1c       0x16 c:/program files (x86)/cypress/psoc creator/4.4/psoc creator/import/gnu/arm/5.4.1/bin/../lib/gcc/arm-none-eabi/5.4.1/../../../../arm-none-eabi/lib/armv7e-m/softfp\libg_nano.a(lib_a-memcpy-stub.o)
                0x10082c1c                memcpy
 .text.memset   0x10082c32       0x10 c:/program files (x86)/cypress/psoc creator/4.4/psoc creator/import/gnu/arm/5.4.1/bin/../lib/gcc/arm-none-eabi/5.4.1/../../../../arm-none-eabi/lib/armv7e-m/softfp\libg_nano.a(lib_a-memset.o)
                0x10082c32                memset
 .text.strncpy  0x10082c42       0x26 c:/program files (x86)/cypress/psoc creator/4.4/psoc creator/import/gnu/arm/5.4.1/bin/../lib/gcc/arm-none-eabi/5.4.1/../../../../arm-none-eabi/lib/armv7e-m/softfp\libg_nano.a(lib_a-strncpy.o)
                0x10082c42                strncpy
 *(.init)
 .init          0x10082c68        0x4 c:/program files (x86)/cypress/psoc creator/4.4/psoc creator/import/gnu/arm/5.4.1/bin/../lib/gcc/arm-none-eabi/5.4.1/armv7e-m/softfp/crti.o
                0x10082c68                _init
 .init          0x10082c6c        0x8 c:/program files (x86)/cypress/psoc creator/4.4/psoc creator/import/gnu/arm/5.4.1/bin/../lib/gcc/arm-none-eabi/5.4.1/armv7e-m/softfp/crtn.o
 *(.fini)
 .fini          0x10082c74        0x4 c:/program files (x86)/cypress/psoc creator/4.4/psoc creator/import/gnu/arm/5.4.1/bin/../lib/gcc/arm-none-eabi/5.4.1/armv7e-m/softfp/crti.o
                0x10082c74                _fini
 .fini          0x10082c78        0x8 c:/program files (x86)/cypress/psoc creator/4.4/psoc creator/import/gnu/arm/5.4.1/bin/../lib/gcc/arm-none-eabi/5.4.1/armv7e-m/softfp/crtn.o
 *crtbegin.o(.ctors)
 *crtbegin?.o(.ctors)
 *(EXCLUDE_FILE(*crtend.o *crtend?.o) .ctors)
 *(SORT(.ctors.*))
 *(.ctors)
 *crtbegin.o(.dtors)
 *crtbegin?.o(.dtors)
 *(EXCLUDE_FILE(*crtend.o *crtend?.o) .dtors)
 *(SORT(.dtors.*))
 *(.dtors)
 *(.rodata .rodata.* .constdata .constdata.* .conststring .conststring.*)
 .rodata        0x10082c80       0x34 .\CortexM4\ARM_GCC_541\Debug\system_psoc6_cm4.o
 .rodata.str1.4
                0x10082cb4       0x3f .\CortexM4\ARM_GCC_541\Debug\ledctrl.o
 *fill*         0x10082cf3        0x1 
 .rodata        0x10082cf4       0x28 .\CortexM4\ARM_GCC_541\Debug\cyfitter_sysint_cfg.o
                0x10082cf4                ADC_IRQ_cfg
                0x10082cfc                SPI_LEDCTRL_SCB_IRQ_cfg
                0x10082d04                UART_Debug_SCB_IRQ_cfg
                0x10082d0c                I2C_Main_SCB_IRQ_cfg
                0x10082d14                IR_SCB_IRQ_cfg
 .rodata        0x10082d1c       0x14 .\CortexM4\ARM_GCC_541\Debug\I2C_Main.o
                0x10082d1c                I2C_Main_config
 .rodata        0x10082d30       0x64 .\CortexM4\ARM_GCC_541\Debug\PWM_Buz.o
                0x10082d30                PWM_Buz_config
 .rodata        0x10082d94       0x34 .\CortexM4\ARM_GCC_541\Debug\SPI_LEDCTRL.o
                0x10082d94                SPI_LEDCTRL_config
 .rodata.str1.4
                0x10082dc8       0x3f .\CortexM4\ARM_GCC_541\Debug\cy_flash.o
 *fill*         0x10082e07        0x1 
 .rodata.str1.4
                0x10082e08       0x7f .\CortexM4\ARM_GCC_541\Debug\cy_ipc_drv.o
 .rodata.str1.4
                0x10082e87       0x3f .\CortexM4\ARM_GCC_541\Debug\cy_ipc_sema.o
 *fill*         0x10082e87        0x1 
 .rodata.str1.4
                0x10082e88       0x40 .\CortexM4\ARM_GCC_541\Debug\cy_ipc_pipe.o
                                 0x7f (size before relaxing)
 .rodata.str1.4
                0x10082ec8       0xc3 .\CortexM4\ARM_GCC_541\Debug\cy_scb_i2c.o
 *fill*         0x10082f8b        0x1 
 .rodata.str1.4
                0x10082f8c       0x3f .\CortexM4\ARM_GCC_541\Debug\cy_scb_spi.o
                                 0x83 (size before relaxing)
 *fill*         0x10082fcb        0x1 
 .rodata.str1.4
                0x10082fcc       0x44 .\CortexM4\ARM_GCC_541\Debug\cy_sysint.o
                                 0x41 (size before relaxing)
 .rodata        0x10083010      0x170 .\CortexM4\ARM_GCC_541\Debug\cy_device.o
                0x10083010                cy_deviceIpBlockCfgPSoC6_02
                0x100830c8                cy_deviceIpBlockCfgPSoC6_01
 *(.eh_frame*)
 .eh_frame      0x10083180        0x0 c:/program files (x86)/cypress/psoc creator/4.4/psoc creator/import/gnu/arm/5.4.1/bin/../lib/gcc/arm-none-eabi/5.4.1/armv7e-m/softfp/crtbegin.o
 .eh_frame      0x10083180        0x4 c:/program files (x86)/cypress/psoc creator/4.4/psoc creator/import/gnu/arm/5.4.1/bin/../lib/gcc/arm-none-eabi/5.4.1/armv7e-m/softfp/crtend.o

.glue_7         0x10083184        0x0
 .glue_7        0x10083184        0x0 linker stubs

.glue_7t        0x10083184        0x0
 .glue_7t       0x10083184        0x0 linker stubs

.vfp11_veneer   0x10083184        0x0
 .vfp11_veneer  0x10083184        0x0 linker stubs

.v4_bx          0x10083184        0x0
 .v4_bx         0x10083184        0x0 linker stubs

.iplt           0x10083184        0x0
 .iplt          0x10083184        0x0 c:/program files (x86)/cypress/psoc creator/4.4/psoc creator/import/gnu/arm/5.4.1/bin/../lib/gcc/arm-none-eabi/5.4.1/armv7e-m/softfp/crtbegin.o

.ARM.extab
 *(.ARM.extab* .gnu.linkonce.armextab.*)
                0x10083184                __exidx_start = .

.ARM.exidx
 *(.ARM.exidx* .gnu.linkonce.armexidx.*)
                0x10083184                __exidx_end = .

.copy.table     0x10083184       0x18
                0x10083184                . = ALIGN (0x4)
                0x10083184                __copy_table_start__ = .
                0x10083184        0x4 LONG 0x10080000 __Vectors
                0x10083188        0x4 LONG 0x8024000 __ram_vectors_start__
                0x1008318c        0x4 LONG 0x28c (__Vectors_End - __Vectors)
                0x10083190        0x4 LONG 0x100831a4 __etext
                0x10083194        0x4 LONG 0x802428c __data_start__
                0x10083198        0x4 LONG 0x6d4 (__data_end__ - __data_start__)
                0x1008319c                __copy_table_end__ = .

.zero.table     0x1008319c        0x8
                0x1008319c                . = ALIGN (0x4)
                0x1008319c                __zero_table_start__ = .
                0x1008319c        0x4 LONG 0x80249f4 __bss_start__
                0x100831a0        0x4 LONG 0x4b4 (__bss_end__ - __bss_start__)
                0x100831a4                __zero_table_end__ = .
                0x100831a4                __etext = .

.ramVectors     0x08024000      0x28c
                0x08024000                __ram_vectors_start__ = .
 *(.ram_vectors)
 .ram_vectors   0x08024000      0x28c .\CortexM4\ARM_GCC_541\Debug\startup_psoc6_01_cm4.o
                0x08024000                __ramVectors
                0x0802428c                __ram_vectors_end__ = .

.data           0x0802428c      0x6d4 load address 0x100831a4
                0x0802428c                __data_start__ = .
 *(vtable)
 *(.data*)
 .data          0x0802428c      0x108 .\CortexM4\ARM_GCC_541\Debug\main_cm4.o
                0x0802428c                ipcMsgForCM0
 .data          0x08024394       0x20 .\CortexM4\ARM_GCC_541\Debug\system_psoc6_cm4.o
                0x08024394                cy_BleEcoClockFreqHz
                0x08024398                cy_Hfclk0FreqHz
                0x0802439c                cy_PeriClkFreqHz
                0x080243a0                SystemCoreClock
                0x080243a4                cy_delayFreqHz
                0x080243a8                cy_delayFreqMhz
                0x080243ac                cy_delayFreqKhz
                0x080243b0                cy_delay32kMs
 .data          0x080243b4        0x1 .\CortexM4\ARM_GCC_541\Debug\cm4_ipc.o
                0x080243b8                . = ALIGN (0x4)
 *fill*         0x080243b5        0x3 
                0x080243b8                PROVIDE (__preinit_array_start, .)
 *(.preinit_array)
                0x080243b8                PROVIDE (__preinit_array_end, .)
                0x080243b8                . = ALIGN (0x4)
                0x080243b8                PROVIDE (__init_array_start, .)
 *(SORT(.init_array.*))
 *(.init_array)
 .init_array    0x080243b8        0x4 c:/program files (x86)/cypress/psoc creator/4.4/psoc creator/import/gnu/arm/5.4.1/bin/../lib/gcc/arm-none-eabi/5.4.1/armv7e-m/softfp/crtbegin.o
                0x080243bc                PROVIDE (__init_array_end, .)
                0x080243bc                . = ALIGN (0x4)
                [!provide]                PROVIDE (__fini_array_start, .)
 *(SORT(.fini_array.*))
 *(.fini_array)
 .fini_array    0x080243bc        0x4 c:/program files (x86)/cypress/psoc creator/4.4/psoc creator/import/gnu/arm/5.4.1/bin/../lib/gcc/arm-none-eabi/5.4.1/armv7e-m/softfp/crtbegin.o
                [!provide]                PROVIDE (__fini_array_end, .)
 *(.jcr*)
 .jcr           0x080243c0        0x0 c:/program files (x86)/cypress/psoc creator/4.4/psoc creator/import/gnu/arm/5.4.1/bin/../lib/gcc/arm-none-eabi/5.4.1/armv7e-m/softfp/crtbegin.o
 .jcr           0x080243c0        0x4 c:/program files (x86)/cypress/psoc creator/4.4/psoc creator/import/gnu/arm/5.4.1/bin/../lib/gcc/arm-none-eabi/5.4.1/armv7e-m/softfp/crtend.o
                0x080243c4                . = ALIGN (0x4)
 *(.cy_ramfunc*)
 .cy_ramfunc    0x080243c4      0x300 .\CortexM4\ARM_GCC_541\Debug\cy_flash.o
                0x08024430                Cy_Flash_ResumeIrqHandler
 .cy_ramfunc    0x080246c4      0x218 .\CortexM4\ARM_GCC_541\Debug\cy_syspm.o
 *fill*         0x080248dc        0x4 
 .cy_ramfunc.__stub
                0x080248e0       0x80 linker stubs
                0x08024960                . = ALIGN (0x4)
                0x08024960                __data_end__ = .

.igot.plt       0x08024960        0x0 load address 0x10083878
 .igot.plt      0x08024960        0x0 c:/program files (x86)/cypress/psoc creator/4.4/psoc creator/import/gnu/arm/5.4.1/bin/../lib/gcc/arm-none-eabi/5.4.1/armv7e-m/softfp/crtbegin.o

.noinit         0x08024960       0x94 load address 0x10083878
 *(.noinit)
 .noinit        0x08024960       0x94 .\CortexM4\ARM_GCC_541\Debug\cy_syslib.o
                0x08024960                cy_assertFileName
                0x08024978                cy_assertLine
                0x0802497c                cy_faultFrame

.bss            0x080249f4      0x4b4 load address 0x1008390c
                0x080249f4                . = ALIGN (0x4)
                0x080249f4                __bss_start__ = .
 *(.bss*)
 .bss           0x080249f4       0x1c c:/program files (x86)/cypress/psoc creator/4.4/psoc creator/import/gnu/arm/5.4.1/bin/../lib/gcc/arm-none-eabi/5.4.1/armv7e-m/softfp/crtbegin.o
 .bss           0x08024a10        0x1 .\CortexM4\ARM_GCC_541\Debug\main_cm4.o
                0x08024a10                startCar
 *fill*         0x08024a11        0x3 
 .bss           0x08024a14      0x180 .\CortexM4\ARM_GCC_541\Debug\system_psoc6_cm4.o
 .bss           0x08024b94        0x4 .\CortexM4\ARM_GCC_541\Debug\car.o
 .bss           0x08024b98        0xd .\CortexM4\ARM_GCC_541\Debug\PCA9685.o
 *fill*         0x08024ba5        0x3 
 .bss           0x08024ba8        0x5 .\CortexM4\ARM_GCC_541\Debug\PCF8574.o
 *fill*         0x08024bad        0x3 
 .bss           0x08024bb0      0x109 .\CortexM4\ARM_GCC_541\Debug\cm4_ipc.o
 *fill*         0x08024cb9        0x3 
 .bss           0x08024cbc      0x124 .\CortexM4\ARM_GCC_541\Debug\ledctrl.o
                0x08024cc0                Leds_rawColorBuffer
 .bss           0x08024de0       0x18 .\CortexM4\ARM_GCC_541\Debug\cy_flash.o
 .bss           0x08024df8        0xc .\CortexM4\ARM_GCC_541\Debug\cy_ipc_sema.o
 .bss           0x08024e04        0x4 .\CortexM4\ARM_GCC_541\Debug\cy_ipc_pipe.o
 .bss           0x08024e08       0x3c .\CortexM4\ARM_GCC_541\Debug\cy_syspm.o
 .bss           0x08024e44       0x14 .\CortexM4\ARM_GCC_541\Debug\cy_systick.o
 *(COMMON)
 COMMON         0x08024e58       0x4c .\CortexM4\ARM_GCC_541\Debug\I2C_Main.o
                0x08024e58                I2C_Main_context
 COMMON         0x08024ea4        0x4 .\CortexM4\ARM_GCC_541\Debug\cy_device.o
                0x08024ea4                cy_device
                0x08024ea8                . = ALIGN (0x4)
                0x08024ea8                __bss_end__ = .

.heap           0x08024ea8      0x400
                0x08024ea8                __HeapBase = .
                0x08024ea8                __end__ = .
                0x08024ea8                end = __end__
 *(.heap*)
 .heap          0x08024ea8      0x400 .\CortexM4\ARM_GCC_541\Debug\startup_psoc6_01_cm4.o
                0x080252a8                __HeapLimit = .

.stack_dummy    0x08024ea8     0x1000
 *(.stack*)
 .stack         0x08024ea8     0x1000 .\CortexM4\ARM_GCC_541\Debug\startup_psoc6_01_cm4.o
                0x08047800                __StackTop = (ORIGIN (ram) + LENGTH (ram))
                0x08046800                __StackLimit = (__StackTop - SIZEOF (.stack_dummy))
                0x08047800                PROVIDE (__stack, __StackTop)
                0x00000001                ASSERT ((__StackLimit >= __HeapLimit), region RAM overflowed with stack)

.cy_app_signature
 *(.cy_app_signature)

.cy_em_eeprom
 *(.cy_em_eeprom)

.cy_sflash_user_data
 *(.cy_sflash_user_data)

.cy_sflash_nar
 *(.cy_sflash_nar)

.cy_sflash_public_key
 *(.cy_sflash_public_key)

.cy_toc_part2
 *(.cy_toc_part2)

.cy_rtoc_part2
 *(.cy_rtoc_part2)

.cy_xip
 *(.cy_xip)

.cy_efuse
 *(.cy_efuse)

.cymeta         0x90500000        0xc
 *(.cymeta)
 .cymeta        0x90500000        0xc .\CortexM4\ARM_GCC_541\Debug\cymetadata.o
                0x90500000                cy_metadata
                0x10000000                __cy_memory_0_start = 0x10000000
                0x00100000                __cy_memory_0_length = 0x100000
                0x00000200                __cy_memory_0_row_size = 0x200
                0x14000000                __cy_memory_1_start = 0x14000000
                0x00008000                __cy_memory_1_length = 0x8000
                0x00000200                __cy_memory_1_row_size = 0x200
                0x16000000                __cy_memory_2_start = 0x16000000
                0x00008000                __cy_memory_2_length = 0x8000
                0x00000200                __cy_memory_2_row_size = 0x200
                0x18000000                __cy_memory_3_start = 0x18000000
                0x08000000                __cy_memory_3_length = 0x8000000
                0x00000200                __cy_memory_3_row_size = 0x200
                0x90700000                __cy_memory_4_start = 0x90700000
                0x00100000                __cy_memory_4_length = 0x100000
                0x00000001                __cy_memory_4_row_size = 0x1
OUTPUT(D:\Hackathon-Infineon\Hackaton.cydsn\CortexM4\ARM_GCC_541\Debug\Hackaton_link.elf elf32-littlearm)

.rel.dyn        0x08024ea8        0x0 load address 0x9855ef24
 .rel.iplt      0x08024ea8        0x0 c:/program files (x86)/cypress/psoc creator/4.4/psoc creator/import/gnu/arm/5.4.1/bin/../lib/gcc/arm-none-eabi/5.4.1/armv7e-m/softfp/crtbegin.o

.ARM.attributes
                0x00000000       0x2e
 .ARM.attributes
                0x00000000       0x22 c:/program files (x86)/cypress/psoc creator/4.4/psoc creator/import/gnu/arm/5.4.1/bin/../lib/gcc/arm-none-eabi/5.4.1/armv7e-m/softfp/crti.o
 .ARM.attributes
                0x00000022       0x32 c:/program files (x86)/cypress/psoc creator/4.4/psoc creator/import/gnu/arm/5.4.1/bin/../lib/gcc/arm-none-eabi/5.4.1/armv7e-m/softfp/crtbegin.o
 .ARM.attributes
                0x00000054       0x1f .\CortexM4\ARM_GCC_541\Debug\startup_psoc6_01_cm4.o
 .ARM.attributes
                0x00000073       0x37 .\CortexM4\ARM_GCC_541\Debug\main_cm4.o
 .ARM.attributes
                0x000000aa       0x37 .\CortexM4\ARM_GCC_541\Debug\system_psoc6_cm4.o
 .ARM.attributes
                0x000000e1       0x37 .\CortexM4\ARM_GCC_541\Debug\car.o
 .ARM.attributes
                0x00000118       0x37 .\CortexM4\ARM_GCC_541\Debug\PCA9685.o
 .ARM.attributes
                0x0000014f       0x37 .\CortexM4\ARM_GCC_541\Debug\utils.o
 .ARM.attributes
                0x00000186       0x37 .\CortexM4\ARM_GCC_541\Debug\PCF8574.o
 .ARM.attributes
                0x000001bd       0x37 .\CortexM4\ARM_GCC_541\Debug\cm4_ipc.o
 .ARM.attributes
                0x000001f4       0x37 .\CortexM4\ARM_GCC_541\Debug\ledctrl.o
 .ARM.attributes
                0x0000022b       0x37 .\CortexM4\ARM_GCC_541\Debug\cyfitter_sysint_cfg.o
 .ARM.attributes
                0x00000262       0x37 .\CortexM4\ARM_GCC_541\Debug\cymetadata.o
 .ARM.attributes
                0x00000299       0x37 .\CortexM4\ARM_GCC_541\Debug\I2C_Main.o
 .ARM.attributes
                0x000002d0       0x37 .\CortexM4\ARM_GCC_541\Debug\PWM_Buz.o
 .ARM.attributes
                0x00000307       0x37 .\CortexM4\ARM_GCC_541\Debug\SPI_LEDCTRL.o
 .ARM.attributes
                0x0000033e       0x37 .\CortexM4\ARM_GCC_541\Debug\cy_flash.o
 .ARM.attributes
                0x00000375       0x37 .\CortexM4\ARM_GCC_541\Debug\cy_ipc_drv.o
 .ARM.attributes
                0x000003ac       0x37 .\CortexM4\ARM_GCC_541\Debug\cy_ipc_sema.o
 .ARM.attributes
                0x000003e3       0x37 .\CortexM4\ARM_GCC_541\Debug\cy_ipc_pipe.o
 .ARM.attributes
                0x0000041a       0x37 .\CortexM4\ARM_GCC_541\Debug\cy_scb_common.o
 .ARM.attributes
                0x00000451       0x37 .\CortexM4\ARM_GCC_541\Debug\cy_scb_i2c.o
 .ARM.attributes
                0x00000488       0x37 .\CortexM4\ARM_GCC_541\Debug\cy_scb_spi.o
 .ARM.attributes
                0x000004bf       0x37 .\CortexM4\ARM_GCC_541\Debug\cy_sysint.o
 .ARM.attributes
                0x000004f6       0x37 .\CortexM4\ARM_GCC_541\Debug\cy_syslib.o
 .ARM.attributes
                0x0000052d       0x25 .\CortexM4\ARM_GCC_541\Debug\cy_syslib_gcc.o
 .ARM.attributes
                0x00000552       0x37 .\CortexM4\ARM_GCC_541\Debug\cy_syspm.o
 .ARM.attributes
                0x00000589       0x37 .\CortexM4\ARM_GCC_541\Debug\cy_systick.o
 .ARM.attributes
                0x000005c0       0x37 .\CortexM4\ARM_GCC_541\Debug\cy_tcpwm_pwm.o
 .ARM.attributes
                0x000005f7       0x37 .\CortexM4\ARM_GCC_541\Debug\cy_device.o
 .ARM.attributes
                0x0000062e       0x32 c:/program files (x86)/cypress/psoc creator/4.4/psoc creator/import/gnu/arm/5.4.1/bin/../lib/gcc/arm-none-eabi/5.4.1/../../../../arm-none-eabi/lib/armv7e-m/softfp\libg_nano.a(lib_a-memcpy-stub.o)
 .ARM.attributes
                0x00000660       0x32 c:/program files (x86)/cypress/psoc creator/4.4/psoc creator/import/gnu/arm/5.4.1/bin/../lib/gcc/arm-none-eabi/5.4.1/../../../../arm-none-eabi/lib/armv7e-m/softfp\libg_nano.a(lib_a-memset.o)
 .ARM.attributes
                0x00000692       0x32 c:/program files (x86)/cypress/psoc creator/4.4/psoc creator/import/gnu/arm/5.4.1/bin/../lib/gcc/arm-none-eabi/5.4.1/../../../../arm-none-eabi/lib/armv7e-m/softfp\libg_nano.a(lib_a-strncpy.o)
 .ARM.attributes
                0x000006c4       0x32 c:/program files (x86)/cypress/psoc creator/4.4/psoc creator/import/gnu/arm/5.4.1/bin/../lib/gcc/arm-none-eabi/5.4.1/armv7e-m/softfp/crtend.o
 .ARM.attributes
                0x000006f6       0x22 c:/program files (x86)/cypress/psoc creator/4.4/psoc creator/import/gnu/arm/5.4.1/bin/../lib/gcc/arm-none-eabi/5.4.1/armv7e-m/softfp/crtn.o

.comment        0x00000000       0x6e
 .comment       0x00000000       0x6e .\CortexM4\ARM_GCC_541\Debug\main_cm4.o
                                 0x6f (size before relaxing)
 .comment       0x0000006e       0x6f .\CortexM4\ARM_GCC_541\Debug\system_psoc6_cm4.o
 .comment       0x0000006e       0x6f .\CortexM4\ARM_GCC_541\Debug\car.o
 .comment       0x0000006e       0x6f .\CortexM4\ARM_GCC_541\Debug\PCA9685.o
 .comment       0x0000006e       0x6f .\CortexM4\ARM_GCC_541\Debug\utils.o
 .comment       0x0000006e       0x6f .\CortexM4\ARM_GCC_541\Debug\PCF8574.o
 .comment       0x0000006e       0x6f .\CortexM4\ARM_GCC_541\Debug\cm4_ipc.o
 .comment       0x0000006e       0x6f .\CortexM4\ARM_GCC_541\Debug\ledctrl.o
 .comment       0x0000006e       0x6f .\CortexM4\ARM_GCC_541\Debug\cyfitter_sysint_cfg.o
 .comment       0x0000006e       0x6f .\CortexM4\ARM_GCC_541\Debug\cymetadata.o
 .comment       0x0000006e       0x6f .\CortexM4\ARM_GCC_541\Debug\I2C_Main.o
 .comment       0x0000006e       0x6f .\CortexM4\ARM_GCC_541\Debug\PWM_Buz.o
 .comment       0x0000006e       0x6f .\CortexM4\ARM_GCC_541\Debug\SPI_LEDCTRL.o
 .comment       0x0000006e       0x6f .\CortexM4\ARM_GCC_541\Debug\cy_flash.o
 .comment       0x0000006e       0x6f .\CortexM4\ARM_GCC_541\Debug\cy_ipc_drv.o
 .comment       0x0000006e       0x6f .\CortexM4\ARM_GCC_541\Debug\cy_ipc_sema.o
 .comment       0x0000006e       0x6f .\CortexM4\ARM_GCC_541\Debug\cy_ipc_pipe.o
 .comment       0x0000006e       0x6f .\CortexM4\ARM_GCC_541\Debug\cy_scb_common.o
 .comment       0x0000006e       0x6f .\CortexM4\ARM_GCC_541\Debug\cy_scb_i2c.o
 .comment       0x0000006e       0x6f .\CortexM4\ARM_GCC_541\Debug\cy_scb_spi.o
 .comment       0x0000006e       0x6f .\CortexM4\ARM_GCC_541\Debug\cy_sysint.o
 .comment       0x0000006e       0x6f .\CortexM4\ARM_GCC_541\Debug\cy_syslib.o
 .comment       0x0000006e       0x6f .\CortexM4\ARM_GCC_541\Debug\cy_syspm.o
 .comment       0x0000006e       0x6f .\CortexM4\ARM_GCC_541\Debug\cy_systick.o
 .comment       0x0000006e       0x6f .\CortexM4\ARM_GCC_541\Debug\cy_tcpwm_pwm.o
 .comment       0x0000006e       0x6f .\CortexM4\ARM_GCC_541\Debug\cy_device.o

.debug_line     0x00000000     0x7b98
 .debug_line    0x00000000       0x8e .\CortexM4\ARM_GCC_541\Debug\startup_psoc6_01_cm4.o
 .debug_line    0x0000008e      0x607 .\CortexM4\ARM_GCC_541\Debug\main_cm4.o
 .debug_line    0x00000695      0x435 .\CortexM4\ARM_GCC_541\Debug\system_psoc6_cm4.o
 .debug_line    0x00000aca      0x561 .\CortexM4\ARM_GCC_541\Debug\car.o
 .debug_line    0x0000102b      0x54d .\CortexM4\ARM_GCC_541\Debug\PCA9685.o
 .debug_line    0x00001578       0x70 .\CortexM4\ARM_GCC_541\Debug\utils.o
 .debug_line    0x000015e8      0x3f0 .\CortexM4\ARM_GCC_541\Debug\PCF8574.o
 .debug_line    0x000019d8      0x3db .\CortexM4\ARM_GCC_541\Debug\cm4_ipc.o
 .debug_line    0x00001db3      0x4b1 .\CortexM4\ARM_GCC_541\Debug\ledctrl.o
 .debug_line    0x00002264      0x24f .\CortexM4\ARM_GCC_541\Debug\cyfitter_sysint_cfg.o
 .debug_line    0x000024b3      0x141 .\CortexM4\ARM_GCC_541\Debug\cymetadata.o
 .debug_line    0x000025f4      0x33c .\CortexM4\ARM_GCC_541\Debug\I2C_Main.o
 .debug_line    0x00002930      0x26f .\CortexM4\ARM_GCC_541\Debug\PWM_Buz.o
 .debug_line    0x00002b9f      0x38e .\CortexM4\ARM_GCC_541\Debug\SPI_LEDCTRL.o
 .debug_line    0x00002f2d      0x7d2 .\CortexM4\ARM_GCC_541\Debug\cy_flash.o
 .debug_line    0x000036ff      0x33e .\CortexM4\ARM_GCC_541\Debug\cy_ipc_drv.o
 .debug_line    0x00003a3d      0x407 .\CortexM4\ARM_GCC_541\Debug\cy_ipc_sema.o
 .debug_line    0x00003e44      0x57c .\CortexM4\ARM_GCC_541\Debug\cy_ipc_pipe.o
 .debug_line    0x000043c0      0x4d9 .\CortexM4\ARM_GCC_541\Debug\cy_scb_common.o
 .debug_line    0x00004899     0x1149 .\CortexM4\ARM_GCC_541\Debug\cy_scb_i2c.o
 .debug_line    0x000059e2      0x817 .\CortexM4\ARM_GCC_541\Debug\cy_scb_spi.o
 .debug_line    0x000061f9      0x2db .\CortexM4\ARM_GCC_541\Debug\cy_sysint.o
 .debug_line    0x000064d4      0x482 .\CortexM4\ARM_GCC_541\Debug\cy_syslib.o
 .debug_line    0x00006956       0x89 .\CortexM4\ARM_GCC_541\Debug\cy_syslib_gcc.o
 .debug_line    0x000069df      0xa5a .\CortexM4\ARM_GCC_541\Debug\cy_syspm.o
 .debug_line    0x00007439      0x313 .\CortexM4\ARM_GCC_541\Debug\cy_systick.o
 .debug_line    0x0000774c      0x2ce .\CortexM4\ARM_GCC_541\Debug\cy_tcpwm_pwm.o
 .debug_line    0x00007a1a      0x17e .\CortexM4\ARM_GCC_541\Debug\cy_device.o

.debug_info     0x00000000    0x22d0e
 .debug_info    0x00000000       0x68 .\CortexM4\ARM_GCC_541\Debug\startup_psoc6_01_cm4.o
 .debug_info    0x00000068     0x1f5f .\CortexM4\ARM_GCC_541\Debug\main_cm4.o
 .debug_info    0x00001fc7     0x1bb3 .\CortexM4\ARM_GCC_541\Debug\system_psoc6_cm4.o
 .debug_info    0x00003b7a     0x15de .\CortexM4\ARM_GCC_541\Debug\car.o
 .debug_info    0x00005158     0x18c6 .\CortexM4\ARM_GCC_541\Debug\PCA9685.o
 .debug_info    0x00006a1e      0x169 .\CortexM4\ARM_GCC_541\Debug\utils.o
 .debug_info    0x00006b87     0x1305 .\CortexM4\ARM_GCC_541\Debug\PCF8574.o
 .debug_info    0x00007e8c      0xe52 .\CortexM4\ARM_GCC_541\Debug\cm4_ipc.o
 .debug_info    0x00008cde     0x1776 .\CortexM4\ARM_GCC_541\Debug\ledctrl.o
 .debug_info    0x0000a454      0x98e .\CortexM4\ARM_GCC_541\Debug\cyfitter_sysint_cfg.o
 .debug_info    0x0000ade2       0xac .\CortexM4\ARM_GCC_541\Debug\cymetadata.o
 .debug_info    0x0000ae8e     0x1369 .\CortexM4\ARM_GCC_541\Debug\I2C_Main.o
 .debug_info    0x0000c1f7      0x4d5 .\CortexM4\ARM_GCC_541\Debug\PWM_Buz.o
 .debug_info    0x0000c6cc     0x13a8 .\CortexM4\ARM_GCC_541\Debug\SPI_LEDCTRL.o
 .debug_info    0x0000da74     0x2a10 .\CortexM4\ARM_GCC_541\Debug\cy_flash.o
 .debug_info    0x00010484      0x906 .\CortexM4\ARM_GCC_541\Debug\cy_ipc_drv.o
 .debug_info    0x00010d8a      0xc1e .\CortexM4\ARM_GCC_541\Debug\cy_ipc_sema.o
 .debug_info    0x000119a8     0x1952 .\CortexM4\ARM_GCC_541\Debug\cy_ipc_pipe.o
 .debug_info    0x000132fa     0x11b0 .\CortexM4\ARM_GCC_541\Debug\cy_scb_common.o
 .debug_info    0x000144aa     0x3f3c .\CortexM4\ARM_GCC_541\Debug\cy_scb_i2c.o
 .debug_info    0x000183e6     0x237c .\CortexM4\ARM_GCC_541\Debug\cy_scb_spi.o
 .debug_info    0x0001a762      0xe11 .\CortexM4\ARM_GCC_541\Debug\cy_sysint.o
 .debug_info    0x0001b573     0x24fa .\CortexM4\ARM_GCC_541\Debug\cy_syslib.o
 .debug_info    0x0001da6d       0x96 .\CortexM4\ARM_GCC_541\Debug\cy_syslib_gcc.o
 .debug_info    0x0001db03     0x4014 .\CortexM4\ARM_GCC_541\Debug\cy_syspm.o
 .debug_info    0x00021b17      0x823 .\CortexM4\ARM_GCC_541\Debug\cy_systick.o
 .debug_info    0x0002233a      0x483 .\CortexM4\ARM_GCC_541\Debug\cy_tcpwm_pwm.o
 .debug_info    0x000227bd      0x551 .\CortexM4\ARM_GCC_541\Debug\cy_device.o

.debug_abbrev   0x00000000     0x3918
 .debug_abbrev  0x00000000       0x14 .\CortexM4\ARM_GCC_541\Debug\startup_psoc6_01_cm4.o
 .debug_abbrev  0x00000014      0x320 .\CortexM4\ARM_GCC_541\Debug\main_cm4.o
 .debug_abbrev  0x00000334      0x23a .\CortexM4\ARM_GCC_541\Debug\system_psoc6_cm4.o
 .debug_abbrev  0x0000056e      0x2ba .\CortexM4\ARM_GCC_541\Debug\car.o
 .debug_abbrev  0x00000828      0x2f2 .\CortexM4\ARM_GCC_541\Debug\PCA9685.o
 .debug_abbrev  0x00000b1a       0x9c .\CortexM4\ARM_GCC_541\Debug\utils.o
 .debug_abbrev  0x00000bb6      0x1cd .\CortexM4\ARM_GCC_541\Debug\PCF8574.o
 .debug_abbrev  0x00000d83      0x214 .\CortexM4\ARM_GCC_541\Debug\cm4_ipc.o
 .debug_abbrev  0x00000f97      0x2b2 .\CortexM4\ARM_GCC_541\Debug\ledctrl.o
 .debug_abbrev  0x00001249       0xe3 .\CortexM4\ARM_GCC_541\Debug\cyfitter_sysint_cfg.o
 .debug_abbrev  0x0000132c       0x5d .\CortexM4\ARM_GCC_541\Debug\cymetadata.o
 .debug_abbrev  0x00001389      0x221 .\CortexM4\ARM_GCC_541\Debug\I2C_Main.o
 .debug_abbrev  0x000015aa      0x15f .\CortexM4\ARM_GCC_541\Debug\PWM_Buz.o
 .debug_abbrev  0x00001709      0x21d .\CortexM4\ARM_GCC_541\Debug\SPI_LEDCTRL.o
 .debug_abbrev  0x00001926      0x356 .\CortexM4\ARM_GCC_541\Debug\cy_flash.o
 .debug_abbrev  0x00001c7c      0x188 .\CortexM4\ARM_GCC_541\Debug\cy_ipc_drv.o
 .debug_abbrev  0x00001e04      0x219 .\CortexM4\ARM_GCC_541\Debug\cy_ipc_sema.o
 .debug_abbrev  0x0000201d      0x32b .\CortexM4\ARM_GCC_541\Debug\cy_ipc_pipe.o
 .debug_abbrev  0x00002348      0x294 .\CortexM4\ARM_GCC_541\Debug\cy_scb_common.o
 .debug_abbrev  0x000025dc      0x37f .\CortexM4\ARM_GCC_541\Debug\cy_scb_i2c.o
 .debug_abbrev  0x0000295b      0x319 .\CortexM4\ARM_GCC_541\Debug\cy_scb_spi.o
 .debug_abbrev  0x00002c74      0x230 .\CortexM4\ARM_GCC_541\Debug\cy_sysint.o
 .debug_abbrev  0x00002ea4      0x337 .\CortexM4\ARM_GCC_541\Debug\cy_syslib.o
 .debug_abbrev  0x000031db       0x14 .\CortexM4\ARM_GCC_541\Debug\cy_syslib_gcc.o
 .debug_abbrev  0x000031ef      0x320 .\CortexM4\ARM_GCC_541\Debug\cy_syspm.o
 .debug_abbrev  0x0000350f      0x214 .\CortexM4\ARM_GCC_541\Debug\cy_systick.o
 .debug_abbrev  0x00003723      0x158 .\CortexM4\ARM_GCC_541\Debug\cy_tcpwm_pwm.o
 .debug_abbrev  0x0000387b       0x9d .\CortexM4\ARM_GCC_541\Debug\cy_device.o

.debug_aranges  0x00000000      0x978
 .debug_aranges
                0x00000000       0x20 .\CortexM4\ARM_GCC_541\Debug\startup_psoc6_01_cm4.o
 .debug_aranges
                0x00000020       0x38 .\CortexM4\ARM_GCC_541\Debug\main_cm4.o
 .debug_aranges
                0x00000058       0x40 .\CortexM4\ARM_GCC_541\Debug\system_psoc6_cm4.o
 .debug_aranges
                0x00000098       0x68 .\CortexM4\ARM_GCC_541\Debug\car.o
 .debug_aranges
                0x00000100       0x80 .\CortexM4\ARM_GCC_541\Debug\PCA9685.o
 .debug_aranges
                0x00000180       0x38 .\CortexM4\ARM_GCC_541\Debug\utils.o
 .debug_aranges
                0x000001b8       0x30 .\CortexM4\ARM_GCC_541\Debug\PCF8574.o
 .debug_aranges
                0x000001e8       0x48 .\CortexM4\ARM_GCC_541\Debug\cm4_ipc.o
 .debug_aranges
                0x00000230       0x48 .\CortexM4\ARM_GCC_541\Debug\ledctrl.o
 .debug_aranges
                0x00000278       0x18 .\CortexM4\ARM_GCC_541\Debug\cyfitter_sysint_cfg.o
 .debug_aranges
                0x00000290       0x18 .\CortexM4\ARM_GCC_541\Debug\cymetadata.o
 .debug_aranges
                0x000002a8       0x28 .\CortexM4\ARM_GCC_541\Debug\I2C_Main.o
 .debug_aranges
                0x000002d0       0x20 .\CortexM4\ARM_GCC_541\Debug\PWM_Buz.o
 .debug_aranges
                0x000002f0       0x28 .\CortexM4\ARM_GCC_541\Debug\SPI_LEDCTRL.o
 .debug_aranges
                0x00000318       0xb8 .\CortexM4\ARM_GCC_541\Debug\cy_flash.o
 .debug_aranges
                0x000003d0       0x30 .\CortexM4\ARM_GCC_541\Debug\cy_ipc_drv.o
 .debug_aranges
                0x00000400       0x48 .\CortexM4\ARM_GCC_541\Debug\cy_ipc_sema.o
 .debug_aranges
                0x00000448       0x68 .\CortexM4\ARM_GCC_541\Debug\cy_ipc_pipe.o
 .debug_aranges
                0x000004b0       0x68 .\CortexM4\ARM_GCC_541\Debug\cy_scb_common.o
 .debug_aranges
                0x00000518      0x160 .\CortexM4\ARM_GCC_541\Debug\cy_scb_i2c.o
 .debug_aranges
                0x00000678       0x80 .\CortexM4\ARM_GCC_541\Debug\cy_scb_spi.o
 .debug_aranges
                0x000006f8       0x30 .\CortexM4\ARM_GCC_541\Debug\cy_sysint.o
 .debug_aranges
                0x00000728       0x78 .\CortexM4\ARM_GCC_541\Debug\cy_syslib.o
 .debug_aranges
                0x000007a0       0x20 .\CortexM4\ARM_GCC_541\Debug\cy_syslib_gcc.o
 .debug_aranges
                0x000007c0      0x118 .\CortexM4\ARM_GCC_541\Debug\cy_syspm.o
 .debug_aranges
                0x000008d8       0x58 .\CortexM4\ARM_GCC_541\Debug\cy_systick.o
 .debug_aranges
                0x00000930       0x28 .\CortexM4\ARM_GCC_541\Debug\cy_tcpwm_pwm.o
 .debug_aranges
                0x00000958       0x20 .\CortexM4\ARM_GCC_541\Debug\cy_device.o

.debug_loc      0x00000000     0x895c
 .debug_loc     0x00000000      0x11f .\CortexM4\ARM_GCC_541\Debug\main_cm4.o
 .debug_loc     0x0000011f      0x1fe .\CortexM4\ARM_GCC_541\Debug\system_psoc6_cm4.o
 .debug_loc     0x0000031d      0x307 .\CortexM4\ARM_GCC_541\Debug\car.o
 .debug_loc     0x00000624      0x2b8 .\CortexM4\ARM_GCC_541\Debug\PCA9685.o
 .debug_loc     0x000008dc      0x100 .\CortexM4\ARM_GCC_541\Debug\utils.o
 .debug_loc     0x000009dc       0x21 .\CortexM4\ARM_GCC_541\Debug\PCF8574.o
 .debug_loc     0x000009fd       0xb2 .\CortexM4\ARM_GCC_541\Debug\cm4_ipc.o
 .debug_loc     0x00000aaf      0x35e .\CortexM4\ARM_GCC_541\Debug\ledctrl.o
 .debug_loc     0x00000e0d       0x2b .\CortexM4\ARM_GCC_541\Debug\I2C_Main.o
 .debug_loc     0x00000e38       0x58 .\CortexM4\ARM_GCC_541\Debug\PWM_Buz.o
 .debug_loc     0x00000e90       0x57 .\CortexM4\ARM_GCC_541\Debug\SPI_LEDCTRL.o
 .debug_loc     0x00000ee7      0xd86 .\CortexM4\ARM_GCC_541\Debug\cy_flash.o
 .debug_loc     0x00001c6d      0x2a1 .\CortexM4\ARM_GCC_541\Debug\cy_ipc_drv.o
 .debug_loc     0x00001f0e      0x76b .\CortexM4\ARM_GCC_541\Debug\cy_ipc_sema.o
 .debug_loc     0x00002679      0x7e2 .\CortexM4\ARM_GCC_541\Debug\cy_ipc_pipe.o
 .debug_loc     0x00002e5b      0x588 .\CortexM4\ARM_GCC_541\Debug\cy_scb_common.o
 .debug_loc     0x000033e3     0x317d .\CortexM4\ARM_GCC_541\Debug\cy_scb_i2c.o
 .debug_loc     0x00006560      0xebd .\CortexM4\ARM_GCC_541\Debug\cy_scb_spi.o
 .debug_loc     0x0000741d      0x223 .\CortexM4\ARM_GCC_541\Debug\cy_sysint.o
 .debug_loc     0x00007640      0x215 .\CortexM4\ARM_GCC_541\Debug\cy_syslib.o
 .debug_loc     0x00007855      0xe9a .\CortexM4\ARM_GCC_541\Debug\cy_syspm.o
 .debug_loc     0x000086ef      0x194 .\CortexM4\ARM_GCC_541\Debug\cy_systick.o
 .debug_loc     0x00008883       0xd9 .\CortexM4\ARM_GCC_541\Debug\cy_tcpwm_pwm.o

.debug_ranges   0x00000000      0x858
 .debug_ranges  0x00000000       0x28 .\CortexM4\ARM_GCC_541\Debug\main_cm4.o
 .debug_ranges  0x00000028       0x48 .\CortexM4\ARM_GCC_541\Debug\system_psoc6_cm4.o
 .debug_ranges  0x00000070       0x58 .\CortexM4\ARM_GCC_541\Debug\car.o
 .debug_ranges  0x000000c8       0x70 .\CortexM4\ARM_GCC_541\Debug\PCA9685.o
 .debug_ranges  0x00000138       0x28 .\CortexM4\ARM_GCC_541\Debug\utils.o
 .debug_ranges  0x00000160       0x20 .\CortexM4\ARM_GCC_541\Debug\PCF8574.o
 .debug_ranges  0x00000180       0x38 .\CortexM4\ARM_GCC_541\Debug\cm4_ipc.o
 .debug_ranges  0x000001b8       0x50 .\CortexM4\ARM_GCC_541\Debug\ledctrl.o
 .debug_ranges  0x00000208       0x18 .\CortexM4\ARM_GCC_541\Debug\I2C_Main.o
 .debug_ranges  0x00000220       0x10 .\CortexM4\ARM_GCC_541\Debug\PWM_Buz.o
 .debug_ranges  0x00000230       0x18 .\CortexM4\ARM_GCC_541\Debug\SPI_LEDCTRL.o
 .debug_ranges  0x00000248       0xd0 .\CortexM4\ARM_GCC_541\Debug\cy_flash.o
 .debug_ranges  0x00000318       0x20 .\CortexM4\ARM_GCC_541\Debug\cy_ipc_drv.o
 .debug_ranges  0x00000338       0x38 .\CortexM4\ARM_GCC_541\Debug\cy_ipc_sema.o
 .debug_ranges  0x00000370       0x58 .\CortexM4\ARM_GCC_541\Debug\cy_ipc_pipe.o
 .debug_ranges  0x000003c8       0x88 .\CortexM4\ARM_GCC_541\Debug\cy_scb_common.o
 .debug_ranges  0x00000450      0x168 .\CortexM4\ARM_GCC_541\Debug\cy_scb_i2c.o
 .debug_ranges  0x000005b8       0x70 .\CortexM4\ARM_GCC_541\Debug\cy_scb_spi.o
 .debug_ranges  0x00000628       0x20 .\CortexM4\ARM_GCC_541\Debug\cy_sysint.o
 .debug_ranges  0x00000648       0x68 .\CortexM4\ARM_GCC_541\Debug\cy_syslib.o
 .debug_ranges  0x000006b0      0x138 .\CortexM4\ARM_GCC_541\Debug\cy_syspm.o
 .debug_ranges  0x000007e8       0x48 .\CortexM4\ARM_GCC_541\Debug\cy_systick.o
 .debug_ranges  0x00000830       0x18 .\CortexM4\ARM_GCC_541\Debug\cy_tcpwm_pwm.o
 .debug_ranges  0x00000848       0x10 .\CortexM4\ARM_GCC_541\Debug\cy_device.o

.debug_str      0x00000000     0x836a
 .debug_str     0x00000000     0x2673 .\CortexM4\ARM_GCC_541\Debug\main_cm4.o
                               0x2744 (size before relaxing)
 .debug_str     0x00002673      0xb57 .\CortexM4\ARM_GCC_541\Debug\system_psoc6_cm4.o
                               0x23be (size before relaxing)
 .debug_str     0x000031ca      0x334 .\CortexM4\ARM_GCC_541\Debug\car.o
                               0x1266 (size before relaxing)
 .debug_str     0x000034fe      0x2e2 .\CortexM4\ARM_GCC_541\Debug\PCA9685.o
                               0x151b (size before relaxing)
 .debug_str     0x000037e0       0x46 .\CortexM4\ARM_GCC_541\Debug\utils.o
                                0x13a (size before relaxing)
 .debug_str     0x00003826       0x19 .\CortexM4\ARM_GCC_541\Debug\PCF8574.o
                               0x12a8 (size before relaxing)
 .debug_str     0x0000383f       0x77 .\CortexM4\ARM_GCC_541\Debug\cm4_ipc.o
                                0xf7c (size before relaxing)
 .debug_str     0x000038b6      0x3b0 .\CortexM4\ARM_GCC_541\Debug\ledctrl.o
                               0x15c6 (size before relaxing)
 .debug_str     0x00003c66       0x77 .\CortexM4\ARM_GCC_541\Debug\cyfitter_sysint_cfg.o
                               0x17df (size before relaxing)
 .debug_str     0x00003cdd       0x30 .\CortexM4\ARM_GCC_541\Debug\cymetadata.o
                                0x1a7 (size before relaxing)
 .debug_str     0x00003d0d       0x55 .\CortexM4\ARM_GCC_541\Debug\I2C_Main.o
                               0x1e8b (size before relaxing)
 .debug_str     0x00003d62       0x3f .\CortexM4\ARM_GCC_541\Debug\PWM_Buz.o
                                0x4c5 (size before relaxing)
 .debug_str     0x00003da1      0x150 .\CortexM4\ARM_GCC_541\Debug\SPI_LEDCTRL.o
                               0x1fa5 (size before relaxing)
 .debug_str     0x00003ef1     0x1045 .\CortexM4\ARM_GCC_541\Debug\cy_flash.o
                               0x2da6 (size before relaxing)
 .debug_str     0x00004f36       0xfd .\CortexM4\ARM_GCC_541\Debug\cy_ipc_drv.o
                                0x968 (size before relaxing)
 .debug_str     0x00005033       0xe7 .\CortexM4\ARM_GCC_541\Debug\cy_ipc_sema.o
                                0xb55 (size before relaxing)
 .debug_str     0x0000511a      0x30f .\CortexM4\ARM_GCC_541\Debug\cy_ipc_pipe.o
                               0x2077 (size before relaxing)
 .debug_str     0x00005429      0x1d2 .\CortexM4\ARM_GCC_541\Debug\cy_scb_common.o
                                0xc91 (size before relaxing)
 .debug_str     0x000055fb      0xb2c .\CortexM4\ARM_GCC_541\Debug\cy_scb_i2c.o
                               0x1ad3 (size before relaxing)
 .debug_str     0x00006127      0x299 .\CortexM4\ARM_GCC_541\Debug\cy_scb_spi.o
                               0x14c6 (size before relaxing)
 .debug_str     0x000063c0       0xf0 .\CortexM4\ARM_GCC_541\Debug\cy_sysint.o
                               0x1948 (size before relaxing)
 .debug_str     0x000064b0      0xa8c .\CortexM4\ARM_GCC_541\Debug\cy_syslib.o
                               0x1c9b (size before relaxing)
 .debug_str     0x00006f3c     0x1185 .\CortexM4\ARM_GCC_541\Debug\cy_syspm.o
                               0x2b62 (size before relaxing)
 .debug_str     0x000080c1      0x1bc .\CortexM4\ARM_GCC_541\Debug\cy_systick.o
                                0xa22 (size before relaxing)
 .debug_str     0x0000827d       0x90 .\CortexM4\ARM_GCC_541\Debug\cy_tcpwm_pwm.o
                                0x4d2 (size before relaxing)
 .debug_str     0x0000830d       0x5d .\CortexM4\ARM_GCC_541\Debug\cy_device.o
                                0x7b5 (size before relaxing)

.debug_frame    0x00000000     0x1a68
 .debug_frame   0x00000000       0x8c .\CortexM4\ARM_GCC_541\Debug\main_cm4.o
 .debug_frame   0x0000008c       0x84 .\CortexM4\ARM_GCC_541\Debug\system_psoc6_cm4.o
 .debug_frame   0x00000110      0x110 .\CortexM4\ARM_GCC_541\Debug\car.o
 .debug_frame   0x00000220      0x18c .\CortexM4\ARM_GCC_541\Debug\PCA9685.o
 .debug_frame   0x000003ac       0x5c .\CortexM4\ARM_GCC_541\Debug\utils.o
 .debug_frame   0x00000408       0x6c .\CortexM4\ARM_GCC_541\Debug\PCF8574.o
 .debug_frame   0x00000474       0x8c .\CortexM4\ARM_GCC_541\Debug\cm4_ipc.o
 .debug_frame   0x00000500       0xe4 .\CortexM4\ARM_GCC_541\Debug\ledctrl.o
 .debug_frame   0x000005e4       0x48 .\CortexM4\ARM_GCC_541\Debug\I2C_Main.o
 .debug_frame   0x0000062c       0x2c .\CortexM4\ARM_GCC_541\Debug\PWM_Buz.o
 .debug_frame   0x00000658       0x48 .\CortexM4\ARM_GCC_541\Debug\SPI_LEDCTRL.o
 .debug_frame   0x000006a0      0x258 .\CortexM4\ARM_GCC_541\Debug\cy_flash.o
 .debug_frame   0x000008f8       0x70 .\CortexM4\ARM_GCC_541\Debug\cy_ipc_drv.o
 .debug_frame   0x00000968       0xd8 .\CortexM4\ARM_GCC_541\Debug\cy_ipc_sema.o
 .debug_frame   0x00000a40      0x164 .\CortexM4\ARM_GCC_541\Debug\cy_ipc_pipe.o
 .debug_frame   0x00000ba4      0x12c .\CortexM4\ARM_GCC_541\Debug\cy_scb_common.o
 .debug_frame   0x00000cd0      0x4c8 .\CortexM4\ARM_GCC_541\Debug\cy_scb_i2c.o
 .debug_frame   0x00001198      0x198 .\CortexM4\ARM_GCC_541\Debug\cy_scb_spi.o
 .debug_frame   0x00001330       0x7c .\CortexM4\ARM_GCC_541\Debug\cy_sysint.o
 .debug_frame   0x000013ac      0x12c .\CortexM4\ARM_GCC_541\Debug\cy_syslib.o
 .debug_frame   0x000014d8      0x3dc .\CortexM4\ARM_GCC_541\Debug\cy_syspm.o
 .debug_frame   0x000018b4       0xb8 .\CortexM4\ARM_GCC_541\Debug\cy_systick.o
 .debug_frame   0x0000196c       0x6c .\CortexM4\ARM_GCC_541\Debug\cy_tcpwm_pwm.o
 .debug_frame   0x000019d8       0x20 .\CortexM4\ARM_GCC_541\Debug\cy_device.o
 .debug_frame   0x000019f8       0x28 c:/program files (x86)/cypress/psoc creator/4.4/psoc creator/import/gnu/arm/5.4.1/bin/../lib/gcc/arm-none-eabi/5.4.1/../../../../arm-none-eabi/lib/armv7e-m/softfp\libg_nano.a(lib_a-memcpy-stub.o)
 .debug_frame   0x00001a20       0x20 c:/program files (x86)/cypress/psoc creator/4.4/psoc creator/import/gnu/arm/5.4.1/bin/../lib/gcc/arm-none-eabi/5.4.1/../../../../arm-none-eabi/lib/armv7e-m/softfp\libg_nano.a(lib_a-memset.o)
 .debug_frame   0x00001a40       0x28 c:/program files (x86)/cypress/psoc creator/4.4/psoc creator/import/gnu/arm/5.4.1/bin/../lib/gcc/arm-none-eabi/5.4.1/../../../../arm-none-eabi/lib/armv7e-m/softfp\libg_nano.a(lib_a-strncpy.o)
